2025-03-04 01:42:28	/var/www/html/lib/plugins/toctweak/syntax/sidetoc.php(73)	E_WARNING: Undefined variable $section
  #0 /var/www/html/lib/plugins/toctweak/syntax/sidetoc.php(73): dokuwiki\ErrorHandler::errorHandler()
  #1 /var/www/html/inc/parser/renderer.php(126): syntax_plugin_toctweak_sidetoc->render()
  #2 /var/www/html/inc/parserutils.php(691): Doku_Renderer->plugin()
  #3 /var/www/html/inc/parserutils.php(158): p_render()
  #4 /var/www/html/inc/parserutils.php(97): p_cached_output()
  #5 /var/www/html/inc/template.php(1679): p_wiki_xhtml()
  #6 /var/www/html/lib/tpl/arcadebasic/main.php(143): tpl_include_page()
  #7 /var/www/html/inc/actions.php(30): include('...')
  #8 /var/www/html/doku.php(131): act_dispatch()
  #9 {main}
2025-03-04 03:12:40	/var/www/html/lib/plugins/toctweak/syntax/sidetoc.php(73)	E_WARNING: Undefined variable $section
  #0 /var/www/html/lib/plugins/toctweak/syntax/sidetoc.php(73): dokuwiki\ErrorHandler::errorHandler()
  #1 /var/www/html/inc/parser/renderer.php(126): syntax_plugin_toctweak_sidetoc->render()
  #2 /var/www/html/inc/parserutils.php(691): Doku_Renderer->plugin()
  #3 /var/www/html/inc/parserutils.php(158): p_render()
  #4 /var/www/html/inc/parserutils.php(97): p_cached_output()
  #5 /var/www/html/inc/template.php(1679): p_wiki_xhtml()
  #6 /var/www/html/lib/tpl/arcadebasic/main.php(143): tpl_include_page()
  #7 /var/www/html/inc/actions.php(30): include('...')
  #8 /var/www/html/doku.php(131): act_dispatch()
  #9 {main}
2025-03-04 03:49:59	/var/www/html/lib/plugins/toctweak/syntax/sidetoc.php(73)	E_WARNING: Undefined variable $section
  #0 /var/www/html/lib/plugins/toctweak/syntax/sidetoc.php(73): dokuwiki\ErrorHandler::errorHandler()
  #1 /var/www/html/inc/parser/renderer.php(126): syntax_plugin_toctweak_sidetoc->render()
  #2 /var/www/html/inc/parserutils.php(691): Doku_Renderer->plugin()
  #3 /var/www/html/inc/parserutils.php(158): p_render()
  #4 /var/www/html/inc/parserutils.php(97): p_cached_output()
  #5 /var/www/html/inc/template.php(1679): p_wiki_xhtml()
  #6 /var/www/html/lib/tpl/arcadebasic/main.php(143): tpl_include_page()
  #7 /var/www/html/inc/actions.php(30): include('...')
  #8 /var/www/html/doku.php(131): act_dispatch()
  #9 {main}
2025-03-04 04:13:26	/var/www/html/lib/plugins/toctweak/syntax/sidetoc.php(73)	E_WARNING: Undefined variable $section
  #0 /var/www/html/lib/plugins/toctweak/syntax/sidetoc.php(73): dokuwiki\ErrorHandler::errorHandler()
  #1 /var/www/html/inc/parser/renderer.php(126): syntax_plugin_toctweak_sidetoc->render()
  #2 /var/www/html/inc/parserutils.php(691): Doku_Renderer->plugin()
  #3 /var/www/html/inc/parserutils.php(158): p_render()
  #4 /var/www/html/inc/parserutils.php(97): p_cached_output()
  #5 /var/www/html/inc/template.php(1679): p_wiki_xhtml()
  #6 /var/www/html/lib/tpl/arcadebasic/main.php(143): tpl_include_page()
  #7 /var/www/html/inc/actions.php(30): include('...')
  #8 /var/www/html/doku.php(131): act_dispatch()
  #9 {main}
2025-03-04 04:57:04	/var/www/html/lib/plugins/toctweak/syntax/sidetoc.php(73)	E_WARNING: Undefined variable $section
  #0 /var/www/html/lib/plugins/toctweak/syntax/sidetoc.php(73): dokuwiki\ErrorHandler::errorHandler()
  #1 /var/www/html/inc/parser/renderer.php(126): syntax_plugin_toctweak_sidetoc->render()
  #2 /var/www/html/inc/parserutils.php(691): Doku_Renderer->plugin()
  #3 /var/www/html/inc/parserutils.php(158): p_render()
  #4 /var/www/html/inc/parserutils.php(97): p_cached_output()
  #5 /var/www/html/inc/template.php(1679): p_wiki_xhtml()
  #6 /var/www/html/lib/tpl/arcadebasic/main.php(143): tpl_include_page()
  #7 /var/www/html/inc/actions.php(30): include('...')
  #8 /var/www/html/doku.php(131): act_dispatch()
  #9 {main}
2025-03-04 04:57:16	/var/www/html/lib/plugins/toctweak/syntax/sidetoc.php(73)	E_WARNING: Undefined variable $section
  #0 /var/www/html/lib/plugins/toctweak/syntax/sidetoc.php(73): dokuwiki\ErrorHandler::errorHandler()
  #1 /var/www/html/inc/parser/renderer.php(126): syntax_plugin_toctweak_sidetoc->render()
  #2 /var/www/html/inc/parserutils.php(691): Doku_Renderer->plugin()
  #3 /var/www/html/inc/parserutils.php(158): p_render()
  #4 /var/www/html/inc/parserutils.php(97): p_cached_output()
  #5 /var/www/html/inc/template.php(1679): p_wiki_xhtml()
  #6 /var/www/html/lib/tpl/arcadebasic/main.php(143): tpl_include_page()
  #7 /var/www/html/inc/actions.php(30): include('...')
  #8 /var/www/html/doku.php(131): act_dispatch()
  #9 {main}
2025-03-04 05:34:06	/var/www/html/lib/plugins/toctweak/syntax/sidetoc.php(73)	E_WARNING: Undefined variable $section
  #0 /var/www/html/lib/plugins/toctweak/syntax/sidetoc.php(73): dokuwiki\ErrorHandler::errorHandler()
  #1 /var/www/html/inc/parser/renderer.php(126): syntax_plugin_toctweak_sidetoc->render()
  #2 /var/www/html/inc/parserutils.php(691): Doku_Renderer->plugin()
  #3 /var/www/html/inc/parserutils.php(158): p_render()
  #4 /var/www/html/inc/parserutils.php(97): p_cached_output()
  #5 /var/www/html/inc/template.php(1679): p_wiki_xhtml()
  #6 /var/www/html/lib/tpl/arcadebasic/main.php(143): tpl_include_page()
  #7 /var/www/html/inc/actions.php(30): include('...')
  #8 /var/www/html/doku.php(131): act_dispatch()
  #9 {main}
2025-03-04 06:30:26	/var/www/html/lib/plugins/toctweak/syntax/sidetoc.php(73)	E_WARNING: Undefined variable $section
  #0 /var/www/html/lib/plugins/toctweak/syntax/sidetoc.php(73): dokuwiki\ErrorHandler::errorHandler()
  #1 /var/www/html/inc/parser/renderer.php(126): syntax_plugin_toctweak_sidetoc->render()
  #2 /var/www/html/inc/parserutils.php(691): Doku_Renderer->plugin()
  #3 /var/www/html/inc/parserutils.php(158): p_render()
  #4 /var/www/html/inc/parserutils.php(97): p_cached_output()
  #5 /var/www/html/inc/template.php(1679): p_wiki_xhtml()
  #6 /var/www/html/lib/tpl/arcadebasic/main.php(143): tpl_include_page()
  #7 /var/www/html/inc/actions.php(30): include('...')
  #8 /var/www/html/doku.php(131): act_dispatch()
  #9 {main}
2025-03-04 10:26:20	/var/www/html/lib/plugins/toctweak/syntax/sidetoc.php(73)	E_WARNING: Undefined variable $section
  #0 /var/www/html/lib/plugins/toctweak/syntax/sidetoc.php(73): dokuwiki\ErrorHandler::errorHandler()
  #1 /var/www/html/inc/parser/renderer.php(126): syntax_plugin_toctweak_sidetoc->render()
  #2 /var/www/html/inc/parserutils.php(691): Doku_Renderer->plugin()
  #3 /var/www/html/inc/parserutils.php(158): p_render()
  #4 /var/www/html/inc/parserutils.php(97): p_cached_output()
  #5 /var/www/html/inc/template.php(1679): p_wiki_xhtml()
  #6 /var/www/html/lib/tpl/arcadebasic/main.php(143): tpl_include_page()
  #7 /var/www/html/inc/actions.php(30): include('...')
  #8 /var/www/html/doku.php(131): act_dispatch()
  #9 {main}
2025-03-04 10:33:42	/var/www/html/lib/plugins/toctweak/syntax/sidetoc.php(73)	E_WARNING: Undefined variable $section
  #0 /var/www/html/lib/plugins/toctweak/syntax/sidetoc.php(73): dokuwiki\ErrorHandler::errorHandler()
  #1 /var/www/html/inc/parser/renderer.php(126): syntax_plugin_toctweak_sidetoc->render()
  #2 /var/www/html/inc/parserutils.php(691): Doku_Renderer->plugin()
  #3 /var/www/html/inc/parserutils.php(158): p_render()
  #4 /var/www/html/inc/parserutils.php(97): p_cached_output()
  #5 /var/www/html/inc/template.php(1679): p_wiki_xhtml()
  #6 /var/www/html/lib/tpl/arcadebasic/main.php(143): tpl_include_page()
  #7 /var/www/html/inc/actions.php(30): include('...')
  #8 /var/www/html/doku.php(131): act_dispatch()
  #9 {main}
2025-03-04 10:33:50	/var/www/html/inc/Extension/PluginController.php(110)	E_WARNING: Undefined array key "base"
  #0 /var/www/html/inc/Extension/PluginController.php(110): dokuwiki\ErrorHandler::errorHandler()
  #1 /var/www/html/inc/pluginutils.php(55): dokuwiki\Extension\PluginController->load()
  #2 /var/www/html/inc/parserutils.php(578): plugin_load()
  #3 /var/www/html/inc/parserutils.php(222): p_get_parsermodes()
  #4 /var/www/html/inc/parserutils.php(198): p_get_instructions()
  #5 /var/www/html/inc/parserutils.php(520): p_cached_instructions()
  #6 /var/www/html/inc/parserutils.php(299): p_render_metadata()
  #7 /var/www/html/inc/Feed/FeedPageProcessor.php(176): p_get_metadata()
  #8 /var/www/html/inc/Feed/FeedPageProcessor.php(98): dokuwiki\Feed\FeedPageProcessor->getMetaData()
  #9 /var/www/html/inc/Feed/FeedPageProcessor.php(75): dokuwiki\Feed\FeedPageProcessor->getAbstract()
  #10 /var/www/html/inc/Feed/FeedCreator.php(97): dokuwiki\Feed\FeedPageProcessor->getBody()
  #11 /var/www/html/inc/Feed/FeedCreator.php(61): dokuwiki\Feed\FeedCreator->createAndAddItem()
  #12 /var/www/html/feed.php(68): dokuwiki\Feed\FeedCreator->build()
  #13 {main}
2025-03-04 11:40:26	/var/www/html/lib/plugins/toctweak/syntax/sidetoc.php(73)	E_WARNING: Undefined variable $section
  #0 /var/www/html/lib/plugins/toctweak/syntax/sidetoc.php(73): dokuwiki\ErrorHandler::errorHandler()
  #1 /var/www/html/inc/parser/renderer.php(126): syntax_plugin_toctweak_sidetoc->render()
  #2 /var/www/html/inc/parserutils.php(691): Doku_Renderer->plugin()
  #3 /var/www/html/inc/parserutils.php(158): p_render()
  #4 /var/www/html/inc/parserutils.php(97): p_cached_output()
  #5 /var/www/html/inc/template.php(1679): p_wiki_xhtml()
  #6 /var/www/html/lib/tpl/arcadebasic/main.php(143): tpl_include_page()
  #7 /var/www/html/inc/actions.php(30): include('...')
  #8 /var/www/html/doku.php(131): act_dispatch()
  #9 {main}
2025-03-04 11:58:53	/var/www/html/lib/plugins/toctweak/syntax/sidetoc.php(73)	E_WARNING: Undefined variable $section
  #0 /var/www/html/lib/plugins/toctweak/syntax/sidetoc.php(73): dokuwiki\ErrorHandler::errorHandler()
  #1 /var/www/html/inc/parser/renderer.php(126): syntax_plugin_toctweak_sidetoc->render()
  #2 /var/www/html/inc/parserutils.php(691): Doku_Renderer->plugin()
  #3 /var/www/html/inc/parserutils.php(158): p_render()
  #4 /var/www/html/inc/parserutils.php(97): p_cached_output()
  #5 /var/www/html/inc/template.php(1679): p_wiki_xhtml()
  #6 /var/www/html/lib/tpl/arcadebasic/main.php(143): tpl_include_page()
  #7 /var/www/html/inc/actions.php(30): include('...')
  #8 /var/www/html/doku.php(131): act_dispatch()
  #9 {main}
2025-03-04 12:47:00	/var/www/html/lib/plugins/toctweak/syntax/sidetoc.php(73)	E_WARNING: Undefined variable $section
  #0 /var/www/html/lib/plugins/toctweak/syntax/sidetoc.php(73): dokuwiki\ErrorHandler::errorHandler()
  #1 /var/www/html/inc/parser/renderer.php(126): syntax_plugin_toctweak_sidetoc->render()
  #2 /var/www/html/inc/parserutils.php(691): Doku_Renderer->plugin()
  #3 /var/www/html/inc/parserutils.php(158): p_render()
  #4 /var/www/html/inc/parserutils.php(97): p_cached_output()
  #5 /var/www/html/inc/template.php(1679): p_wiki_xhtml()
  #6 /var/www/html/lib/tpl/arcadebasic/main.php(143): tpl_include_page()
  #7 /var/www/html/inc/actions.php(30): include('...')
  #8 /var/www/html/doku.php(131): act_dispatch()
  #9 {main}
2025-03-04 13:00:07	/var/www/html/lib/plugins/toctweak/syntax/sidetoc.php(73)	E_WARNING: Undefined variable $section
  #0 /var/www/html/lib/plugins/toctweak/syntax/sidetoc.php(73): dokuwiki\ErrorHandler::errorHandler()
  #1 /var/www/html/inc/parser/renderer.php(126): syntax_plugin_toctweak_sidetoc->render()
  #2 /var/www/html/inc/parserutils.php(691): Doku_Renderer->plugin()
  #3 /var/www/html/inc/parserutils.php(158): p_render()
  #4 /var/www/html/inc/parserutils.php(97): p_cached_output()
  #5 /var/www/html/inc/template.php(1679): p_wiki_xhtml()
  #6 /var/www/html/lib/tpl/arcadebasic/main.php(143): tpl_include_page()
  #7 /var/www/html/inc/actions.php(30): include('...')
  #8 /var/www/html/doku.php(131): act_dispatch()
  #9 {main}
2025-03-04 16:09:46	/var/www/html/lib/plugins/toctweak/syntax/sidetoc.php(73)	E_WARNING: Undefined variable $section
  #0 /var/www/html/lib/plugins/toctweak/syntax/sidetoc.php(73): dokuwiki\ErrorHandler::errorHandler()
  #1 /var/www/html/inc/parser/renderer.php(126): syntax_plugin_toctweak_sidetoc->render()
  #2 /var/www/html/inc/parserutils.php(691): Doku_Renderer->plugin()
  #3 /var/www/html/inc/parserutils.php(158): p_render()
  #4 /var/www/html/inc/parserutils.php(97): p_cached_output()
  #5 /var/www/html/inc/template.php(1679): p_wiki_xhtml()
  #6 /var/www/html/lib/tpl/arcadebasic/main.php(143): tpl_include_page()
  #7 /var/www/html/inc/actions.php(30): include('...')
  #8 /var/www/html/doku.php(131): act_dispatch()
  #9 {main}
2025-03-04 16:10:08	/var/www/html/inc/Extension/PluginController.php(110)	E_WARNING: Undefined array key "base"
  #0 /var/www/html/inc/Extension/PluginController.php(110): dokuwiki\ErrorHandler::errorHandler()
  #1 /var/www/html/inc/pluginutils.php(55): dokuwiki\Extension\PluginController->load()
  #2 /var/www/html/inc/parserutils.php(578): plugin_load()
  #3 /var/www/html/inc/parserutils.php(222): p_get_parsermodes()
  #4 /var/www/html/inc/parserutils.php(198): p_get_instructions()
  #5 /var/www/html/inc/parserutils.php(520): p_cached_instructions()
  #6 /var/www/html/inc/parserutils.php(299): p_render_metadata()
  #7 /var/www/html/inc/Feed/FeedPageProcessor.php(176): p_get_metadata()
  #8 /var/www/html/inc/Feed/FeedPageProcessor.php(98): dokuwiki\Feed\FeedPageProcessor->getMetaData()
  #9 /var/www/html/inc/Feed/FeedPageProcessor.php(75): dokuwiki\Feed\FeedPageProcessor->getAbstract()
  #10 /var/www/html/inc/Feed/FeedCreator.php(97): dokuwiki\Feed\FeedPageProcessor->getBody()
  #11 /var/www/html/inc/Feed/FeedCreator.php(61): dokuwiki\Feed\FeedCreator->createAndAddItem()
  #12 /var/www/html/feed.php(68): dokuwiki\Feed\FeedCreator->build()
  #13 {main}
2025-03-04 16:10:08	/var/www/html/lib/plugins/toctweak/helper.php(37)	E_WARNING: Undefined array key 1
  #0 /var/www/html/lib/plugins/toctweak/helper.php(37): dokuwiki\ErrorHandler::errorHandler()
  #1 /var/www/html/lib/plugins/toctweak/syntax/autotoc.php(51): helper_plugin_toctweak->parse()
  #2 /var/www/html/inc/parser/handler.php(298): syntax_plugin_toctweak_autotoc->handle()
  #3 /var/www/html/inc/Parsing/Lexer/Lexer.php(269): Doku_Handler->plugin()
  #4 /var/www/html/inc/Parsing/Lexer/Lexer.php(196): dokuwiki\Parsing\Lexer\Lexer->invokeHandler()
  #5 /var/www/html/inc/Parsing/Lexer/Lexer.php(146): dokuwiki\Parsing\Lexer\Lexer->dispatchTokens()
  #6 /var/www/html/inc/Parsing/Parser.php(113): dokuwiki\Parsing\Lexer\Lexer->parse()
  #7 /var/www/html/inc/parserutils.php(234): dokuwiki\Parsing\Parser->parse()
  #8 /var/www/html/inc/parserutils.php(198): p_get_instructions()
  #9 /var/www/html/inc/parserutils.php(520): p_cached_instructions()
  #10 /var/www/html/inc/parserutils.php(299): p_render_metadata()
  #11 /var/www/html/inc/Feed/FeedPageProcessor.php(176): p_get_metadata()
  #12 /var/www/html/inc/Feed/FeedPageProcessor.php(98): dokuwiki\Feed\FeedPageProcessor->getMetaData()
  #13 /var/www/html/inc/Feed/FeedPageProcessor.php(75): dokuwiki\Feed\FeedPageProcessor->getAbstract()
  #14 /var/www/html/inc/Feed/FeedCreator.php(97): dokuwiki\Feed\FeedPageProcessor->getBody()
  #15 /var/www/html/inc/Feed/FeedCreator.php(61): dokuwiki\Feed\FeedCreator->createAndAddItem()
  #16 /var/www/html/feed.php(68): dokuwiki\Feed\FeedCreator->build()
  #17 {main}
2025-03-04 16:10:08	/var/www/html/lib/plugins/toctweak/helper.php(38)	E_WARNING: Undefined array key 1
  #0 /var/www/html/lib/plugins/toctweak/helper.php(38): dokuwiki\ErrorHandler::errorHandler()
  #1 /var/www/html/lib/plugins/toctweak/syntax/autotoc.php(51): helper_plugin_toctweak->parse()
  #2 /var/www/html/inc/parser/handler.php(298): syntax_plugin_toctweak_autotoc->handle()
  #3 /var/www/html/inc/Parsing/Lexer/Lexer.php(269): Doku_Handler->plugin()
  #4 /var/www/html/inc/Parsing/Lexer/Lexer.php(196): dokuwiki\Parsing\Lexer\Lexer->invokeHandler()
  #5 /var/www/html/inc/Parsing/Lexer/Lexer.php(146): dokuwiki\Parsing\Lexer\Lexer->dispatchTokens()
  #6 /var/www/html/inc/Parsing/Parser.php(113): dokuwiki\Parsing\Lexer\Lexer->parse()
  #7 /var/www/html/inc/parserutils.php(234): dokuwiki\Parsing\Parser->parse()
  #8 /var/www/html/inc/parserutils.php(198): p_get_instructions()
  #9 /var/www/html/inc/parserutils.php(520): p_cached_instructions()
  #10 /var/www/html/inc/parserutils.php(299): p_render_metadata()
  #11 /var/www/html/inc/Feed/FeedPageProcessor.php(176): p_get_metadata()
  #12 /var/www/html/inc/Feed/FeedPageProcessor.php(98): dokuwiki\Feed\FeedPageProcessor->getMetaData()
  #13 /var/www/html/inc/Feed/FeedPageProcessor.php(75): dokuwiki\Feed\FeedPageProcessor->getAbstract()
  #14 /var/www/html/inc/Feed/FeedCreator.php(97): dokuwiki\Feed\FeedPageProcessor->getBody()
  #15 /var/www/html/inc/Feed/FeedCreator.php(61): dokuwiki\Feed\FeedCreator->createAndAddItem()
  #16 /var/www/html/feed.php(68): dokuwiki\Feed\FeedCreator->build()
  #17 {main}
2025-03-04 16:10:08	/var/www/html/lib/plugins/toctweak/helper.php(85)	E_WARNING: Undefined variable $topLv
  #0 /var/www/html/lib/plugins/toctweak/helper.php(85): dokuwiki\ErrorHandler::errorHandler()
  #1 /var/www/html/lib/plugins/toctweak/syntax/autotoc.php(51): helper_plugin_toctweak->parse()
  #2 /var/www/html/inc/parser/handler.php(298): syntax_plugin_toctweak_autotoc->handle()
  #3 /var/www/html/inc/Parsing/Lexer/Lexer.php(269): Doku_Handler->plugin()
  #4 /var/www/html/inc/Parsing/Lexer/Lexer.php(196): dokuwiki\Parsing\Lexer\Lexer->invokeHandler()
  #5 /var/www/html/inc/Parsing/Lexer/Lexer.php(146): dokuwiki\Parsing\Lexer\Lexer->dispatchTokens()
  #6 /var/www/html/inc/Parsing/Parser.php(113): dokuwiki\Parsing\Lexer\Lexer->parse()
  #7 /var/www/html/inc/parserutils.php(234): dokuwiki\Parsing\Parser->parse()
  #8 /var/www/html/inc/parserutils.php(198): p_get_instructions()
  #9 /var/www/html/inc/parserutils.php(520): p_cached_instructions()
  #10 /var/www/html/inc/parserutils.php(299): p_render_metadata()
  #11 /var/www/html/inc/Feed/FeedPageProcessor.php(176): p_get_metadata()
  #12 /var/www/html/inc/Feed/FeedPageProcessor.php(98): dokuwiki\Feed\FeedPageProcessor->getMetaData()
  #13 /var/www/html/inc/Feed/FeedPageProcessor.php(75): dokuwiki\Feed\FeedPageProcessor->getAbstract()
  #14 /var/www/html/inc/Feed/FeedCreator.php(97): dokuwiki\Feed\FeedPageProcessor->getBody()
  #15 /var/www/html/inc/Feed/FeedCreator.php(61): dokuwiki\Feed\FeedCreator->createAndAddItem()
  #16 /var/www/html/feed.php(68): dokuwiki\Feed\FeedCreator->build()
  #17 {main}
2025-03-04 16:10:08	/var/www/html/lib/plugins/toctweak/helper.php(85)	E_WARNING: Undefined variable $maxLv
  #0 /var/www/html/lib/plugins/toctweak/helper.php(85): dokuwiki\ErrorHandler::errorHandler()
  #1 /var/www/html/lib/plugins/toctweak/syntax/autotoc.php(51): helper_plugin_toctweak->parse()
  #2 /var/www/html/inc/parser/handler.php(298): syntax_plugin_toctweak_autotoc->handle()
  #3 /var/www/html/inc/Parsing/Lexer/Lexer.php(269): Doku_Handler->plugin()
  #4 /var/www/html/inc/Parsing/Lexer/Lexer.php(196): dokuwiki\Parsing\Lexer\Lexer->invokeHandler()
  #5 /var/www/html/inc/Parsing/Lexer/Lexer.php(146): dokuwiki\Parsing\Lexer\Lexer->dispatchTokens()
  #6 /var/www/html/inc/Parsing/Parser.php(113): dokuwiki\Parsing\Lexer\Lexer->parse()
  #7 /var/www/html/inc/parserutils.php(234): dokuwiki\Parsing\Parser->parse()
  #8 /var/www/html/inc/parserutils.php(198): p_get_instructions()
  #9 /var/www/html/inc/parserutils.php(520): p_cached_instructions()
  #10 /var/www/html/inc/parserutils.php(299): p_render_metadata()
  #11 /var/www/html/inc/Feed/FeedPageProcessor.php(176): p_get_metadata()
  #12 /var/www/html/inc/Feed/FeedPageProcessor.php(98): dokuwiki\Feed\FeedPageProcessor->getMetaData()
  #13 /var/www/html/inc/Feed/FeedPageProcessor.php(75): dokuwiki\Feed\FeedPageProcessor->getAbstract()
  #14 /var/www/html/inc/Feed/FeedCreator.php(97): dokuwiki\Feed\FeedPageProcessor->getBody()
  #15 /var/www/html/inc/Feed/FeedCreator.php(61): dokuwiki\Feed\FeedCreator->createAndAddItem()
  #16 /var/www/html/feed.php(68): dokuwiki\Feed\FeedCreator->build()
  #17 {main}
2025-03-04 19:21:34	/var/www/html/lib/plugins/toctweak/syntax/sidetoc.php(73)	E_WARNING: Undefined variable $section
  #0 /var/www/html/lib/plugins/toctweak/syntax/sidetoc.php(73): dokuwiki\ErrorHandler::errorHandler()
  #1 /var/www/html/inc/parser/renderer.php(126): syntax_plugin_toctweak_sidetoc->render()
  #2 /var/www/html/inc/parserutils.php(691): Doku_Renderer->plugin()
  #3 /var/www/html/inc/parserutils.php(158): p_render()
  #4 /var/www/html/inc/parserutils.php(97): p_cached_output()
  #5 /var/www/html/inc/template.php(1679): p_wiki_xhtml()
  #6 /var/www/html/lib/tpl/arcadebasic/main.php(143): tpl_include_page()
  #7 /var/www/html/inc/actions.php(30): include('...')
  #8 /var/www/html/doku.php(131): act_dispatch()
  #9 {main}
2025-03-04 20:22:42	/var/www/html/lib/plugins/toctweak/syntax/sidetoc.php(73)	E_WARNING: Undefined variable $section
  #0 /var/www/html/lib/plugins/toctweak/syntax/sidetoc.php(73): dokuwiki\ErrorHandler::errorHandler()
  #1 /var/www/html/inc/parser/renderer.php(126): syntax_plugin_toctweak_sidetoc->render()
  #2 /var/www/html/inc/parserutils.php(691): Doku_Renderer->plugin()
  #3 /var/www/html/inc/parserutils.php(158): p_render()
  #4 /var/www/html/inc/parserutils.php(97): p_cached_output()
  #5 /var/www/html/inc/template.php(1679): p_wiki_xhtml()
  #6 /var/www/html/lib/tpl/arcadebasic/main.php(143): tpl_include_page()
  #7 /var/www/html/inc/actions.php(30): include('...')
  #8 /var/www/html/doku.php(131): act_dispatch()
  #9 {main}
2025-03-04 21:44:33	/var/www/html/lib/plugins/toctweak/syntax/sidetoc.php(73)	E_WARNING: Undefined variable $section
  #0 /var/www/html/lib/plugins/toctweak/syntax/sidetoc.php(73): dokuwiki\ErrorHandler::errorHandler()
  #1 /var/www/html/inc/parser/renderer.php(126): syntax_plugin_toctweak_sidetoc->render()
  #2 /var/www/html/inc/parserutils.php(691): Doku_Renderer->plugin()
  #3 /var/www/html/inc/parserutils.php(158): p_render()
  #4 /var/www/html/inc/parserutils.php(97): p_cached_output()
  #5 /var/www/html/inc/template.php(1679): p_wiki_xhtml()
  #6 /var/www/html/lib/tpl/arcadebasic/main.php(143): tpl_include_page()
  #7 /var/www/html/inc/actions.php(30): include('...')
  #8 /var/www/html/doku.php(131): act_dispatch()
  #9 {main}
2025-03-04 21:44:53	/var/www/html/lib/plugins/toctweak/syntax/sidetoc.php(73)	E_WARNING: Undefined variable $section
  #0 /var/www/html/lib/plugins/toctweak/syntax/sidetoc.php(73): dokuwiki\ErrorHandler::errorHandler()
  #1 /var/www/html/inc/parser/renderer.php(126): syntax_plugin_toctweak_sidetoc->render()
  #2 /var/www/html/inc/parserutils.php(691): Doku_Renderer->plugin()
  #3 /var/www/html/inc/parserutils.php(158): p_render()
  #4 /var/www/html/inc/parserutils.php(97): p_cached_output()
  #5 /var/www/html/inc/template.php(1679): p_wiki_xhtml()
  #6 /var/www/html/lib/tpl/arcadebasic/main.php(143): tpl_include_page()
  #7 /var/www/html/inc/actions.php(30): include('...')
  #8 /var/www/html/doku.php(131): act_dispatch()
  #9 {main}
2025-03-04 22:02:04	/var/www/html/lib/plugins/toctweak/syntax/sidetoc.php(73)	E_WARNING: Undefined variable $section
  #0 /var/www/html/lib/plugins/toctweak/syntax/sidetoc.php(73): dokuwiki\ErrorHandler::errorHandler()
  #1 /var/www/html/inc/parser/renderer.php(126): syntax_plugin_toctweak_sidetoc->render()
  #2 /var/www/html/inc/parserutils.php(691): Doku_Renderer->plugin()
  #3 /var/www/html/inc/parserutils.php(158): p_render()
  #4 /var/www/html/inc/parserutils.php(97): p_cached_output()
  #5 /var/www/html/inc/template.php(1679): p_wiki_xhtml()
  #6 /var/www/html/lib/tpl/arcadebasic/main.php(143): tpl_include_page()
  #7 /var/www/html/inc/actions.php(30): include('...')
  #8 /var/www/html/doku.php(131): act_dispatch()
  #9 {main}
2025-03-04 22:41:17	/var/www/html/lib/plugins/toctweak/syntax/sidetoc.php(73)	E_WARNING: Undefined variable $section
  #0 /var/www/html/lib/plugins/toctweak/syntax/sidetoc.php(73): dokuwiki\ErrorHandler::errorHandler()
  #1 /var/www/html/inc/parser/renderer.php(126): syntax_plugin_toctweak_sidetoc->render()
  #2 /var/www/html/inc/parserutils.php(691): Doku_Renderer->plugin()
  #3 /var/www/html/inc/parserutils.php(158): p_render()
  #4 /var/www/html/inc/parserutils.php(97): p_cached_output()
  #5 /var/www/html/inc/template.php(1679): p_wiki_xhtml()
  #6 /var/www/html/lib/tpl/arcadebasic/main.php(143): tpl_include_page()
  #7 /var/www/html/inc/actions.php(30): include('...')
  #8 /var/www/html/doku.php(131): act_dispatch()
  #9 {main}
2025-03-04 22:41:18	/var/www/html/lib/plugins/toctweak/syntax/sidetoc.php(73)	E_WARNING: Undefined variable $section
  #0 /var/www/html/lib/plugins/toctweak/syntax/sidetoc.php(73): dokuwiki\ErrorHandler::errorHandler()
  #1 /var/www/html/inc/parser/renderer.php(126): syntax_plugin_toctweak_sidetoc->render()
  #2 /var/www/html/inc/parserutils.php(691): Doku_Renderer->plugin()
  #3 /var/www/html/inc/parserutils.php(158): p_render()
  #4 /var/www/html/inc/parserutils.php(97): p_cached_output()
  #5 /var/www/html/inc/template.php(1679): p_wiki_xhtml()
  #6 /var/www/html/lib/tpl/arcadebasic/main.php(143): tpl_include_page()
  #7 /var/www/html/inc/actions.php(30): include('...')
  #8 /var/www/html/doku.php(131): act_dispatch()
  #9 {main}
2025-03-04 22:51:33	/var/www/html/lib/plugins/toctweak/syntax/sidetoc.php(73)	E_WARNING: Undefined variable $section
  #0 /var/www/html/lib/plugins/toctweak/syntax/sidetoc.php(73): dokuwiki\ErrorHandler::errorHandler()
  #1 /var/www/html/inc/parser/renderer.php(126): syntax_plugin_toctweak_sidetoc->render()
  #2 /var/www/html/inc/parserutils.php(691): Doku_Renderer->plugin()
  #3 /var/www/html/inc/parserutils.php(158): p_render()
  #4 /var/www/html/inc/parserutils.php(97): p_cached_output()
  #5 /var/www/html/inc/template.php(1679): p_wiki_xhtml()
  #6 /var/www/html/lib/tpl/arcadebasic/main.php(143): tpl_include_page()
  #7 /var/www/html/inc/actions.php(30): include('...')
  #8 /var/www/html/doku.php(131): act_dispatch()
  #9 {main}
2025-03-04 22:53:26	/var/www/html/lib/plugins/toctweak/syntax/sidetoc.php(73)	E_WARNING: Undefined variable $section
  #0 /var/www/html/lib/plugins/toctweak/syntax/sidetoc.php(73): dokuwiki\ErrorHandler::errorHandler()
  #1 /var/www/html/inc/parser/renderer.php(126): syntax_plugin_toctweak_sidetoc->render()
  #2 /var/www/html/inc/parserutils.php(691): Doku_Renderer->plugin()
  #3 /var/www/html/inc/parserutils.php(158): p_render()
  #4 /var/www/html/inc/parserutils.php(97): p_cached_output()
  #5 /var/www/html/inc/template.php(1679): p_wiki_xhtml()
  #6 /var/www/html/lib/tpl/arcadebasic/main.php(143): tpl_include_page()
  #7 /var/www/html/inc/actions.php(30): include('...')
  #8 /var/www/html/doku.php(131): act_dispatch()
  #9 {main}
2025-03-04 23:10:12	/var/www/html/lib/plugins/toctweak/syntax/sidetoc.php(73)	E_WARNING: Undefined variable $section
  #0 /var/www/html/lib/plugins/toctweak/syntax/sidetoc.php(73): dokuwiki\ErrorHandler::errorHandler()
  #1 /var/www/html/inc/parser/renderer.php(126): syntax_plugin_toctweak_sidetoc->render()
  #2 /var/www/html/inc/parserutils.php(691): Doku_Renderer->plugin()
  #3 /var/www/html/inc/parserutils.php(158): p_render()
  #4 /var/www/html/inc/parserutils.php(97): p_cached_output()
  #5 /var/www/html/inc/template.php(1679): p_wiki_xhtml()
  #6 /var/www/html/lib/tpl/arcadebasic/main.php(143): tpl_include_page()
  #7 /var/www/html/inc/actions.php(30): include('...')
  #8 /var/www/html/doku.php(131): act_dispatch()
  #9 {main}
2025-03-04 23:10:12	/var/www/html/lib/plugins/toctweak/syntax/sidetoc.php(73)	E_WARNING: Undefined variable $section
  #0 /var/www/html/lib/plugins/toctweak/syntax/sidetoc.php(73): dokuwiki\ErrorHandler::errorHandler()
  #1 /var/www/html/inc/parser/renderer.php(126): syntax_plugin_toctweak_sidetoc->render()
  #2 /var/www/html/inc/parserutils.php(691): Doku_Renderer->plugin()
  #3 /var/www/html/inc/parserutils.php(158): p_render()
  #4 /var/www/html/inc/parserutils.php(97): p_cached_output()
  #5 /var/www/html/inc/template.php(1679): p_wiki_xhtml()
  #6 /var/www/html/lib/tpl/arcadebasic/main.php(143): tpl_include_page()
  #7 /var/www/html/inc/actions.php(30): include('...')
  #8 /var/www/html/doku.php(131): act_dispatch()
  #9 {main}
2025-03-04 23:10:15	/var/www/html/inc/Extension/PluginController.php(110)	E_WARNING: Undefined array key "base"
  #0 /var/www/html/inc/Extension/PluginController.php(110): dokuwiki\ErrorHandler::errorHandler()
  #1 /var/www/html/inc/pluginutils.php(55): dokuwiki\Extension\PluginController->load()
  #2 /var/www/html/inc/parserutils.php(578): plugin_load()
  #3 /var/www/html/inc/parserutils.php(222): p_get_parsermodes()
  #4 /var/www/html/inc/parserutils.php(198): p_get_instructions()
  #5 /var/www/html/inc/parserutils.php(520): p_cached_instructions()
  #6 /var/www/html/inc/parserutils.php(299): p_render_metadata()
  #7 /var/www/html/inc/common.php(264): p_get_metadata()
  #8 /var/www/html/doku.php(101): pageinfo()
  #9 {main}
2025-03-04 23:10:15	/var/www/html/lib/plugins/toctweak/syntax/sidetoc.php(73)	E_WARNING: Undefined variable $section
  #0 /var/www/html/lib/plugins/toctweak/syntax/sidetoc.php(73): dokuwiki\ErrorHandler::errorHandler()
  #1 /var/www/html/inc/parser/renderer.php(126): syntax_plugin_toctweak_sidetoc->render()
  #2 /var/www/html/inc/parserutils.php(691): Doku_Renderer->plugin()
  #3 /var/www/html/inc/parserutils.php(158): p_render()
  #4 /var/www/html/inc/parserutils.php(97): p_cached_output()
  #5 /var/www/html/inc/template.php(1679): p_wiki_xhtml()
  #6 /var/www/html/lib/tpl/arcadebasic/main.php(143): tpl_include_page()
  #7 /var/www/html/inc/actions.php(30): include('...')
  #8 /var/www/html/doku.php(131): act_dispatch()
  #9 {main}
2025-03-04 23:10:15	/var/www/html/lib/plugins/toctweak/helper.php(96)	E_WARNING: Undefined array key "tableofcontents"
  #0 /var/www/html/lib/plugins/toctweak/helper.php(96): dokuwiki\ErrorHandler::errorHandler()
  #1 /var/www/html/lib/plugins/toctweak/syntax/sidetoc.php(73): helper_plugin_toctweak->get_metatoc()
  #2 /var/www/html/inc/parser/renderer.php(126): syntax_plugin_toctweak_sidetoc->render()
  #3 /var/www/html/inc/parserutils.php(691): Doku_Renderer->plugin()
  #4 /var/www/html/inc/parserutils.php(158): p_render()
  #5 /var/www/html/inc/parserutils.php(97): p_cached_output()
  #6 /var/www/html/inc/template.php(1679): p_wiki_xhtml()
  #7 /var/www/html/lib/tpl/arcadebasic/main.php(143): tpl_include_page()
  #8 /var/www/html/inc/actions.php(30): include('...')
  #9 /var/www/html/doku.php(131): act_dispatch()
  #10 {main}
2025-03-04 23:10:24	/var/www/html/lib/plugins/toctweak/syntax/sidetoc.php(73)	E_WARNING: Undefined variable $section
  #0 /var/www/html/lib/plugins/toctweak/syntax/sidetoc.php(73): dokuwiki\ErrorHandler::errorHandler()
  #1 /var/www/html/inc/parser/renderer.php(126): syntax_plugin_toctweak_sidetoc->render()
  #2 /var/www/html/inc/parserutils.php(691): Doku_Renderer->plugin()
  #3 /var/www/html/inc/parserutils.php(158): p_render()
  #4 /var/www/html/inc/parserutils.php(97): p_cached_output()
  #5 /var/www/html/inc/template.php(1679): p_wiki_xhtml()
  #6 /var/www/html/lib/tpl/arcadebasic/main.php(143): tpl_include_page()
  #7 /var/www/html/inc/actions.php(30): include('...')
  #8 /var/www/html/doku.php(131): act_dispatch()
  #9 {main}
2025-03-04 23:11:04	/var/www/html/lib/plugins/toctweak/syntax/sidetoc.php(73)	E_WARNING: Undefined variable $section
  #0 /var/www/html/lib/plugins/toctweak/syntax/sidetoc.php(73): dokuwiki\ErrorHandler::errorHandler()
  #1 /var/www/html/inc/parser/renderer.php(126): syntax_plugin_toctweak_sidetoc->render()
  #2 /var/www/html/inc/parserutils.php(691): Doku_Renderer->plugin()
  #3 /var/www/html/inc/parserutils.php(158): p_render()
  #4 /var/www/html/inc/parserutils.php(97): p_cached_output()
  #5 /var/www/html/inc/template.php(1679): p_wiki_xhtml()
  #6 /var/www/html/lib/tpl/arcadebasic/main.php(143): tpl_include_page()
  #7 /var/www/html/inc/actions.php(30): include('...')
  #8 /var/www/html/doku.php(131): act_dispatch()
  #9 {main}
2025-03-04 23:11:04	/var/www/html/lib/plugins/toctweak/syntax/sidetoc.php(73)	E_WARNING: Undefined variable $section
  #0 /var/www/html/lib/plugins/toctweak/syntax/sidetoc.php(73): dokuwiki\ErrorHandler::errorHandler()
  #1 /var/www/html/inc/parser/renderer.php(126): syntax_plugin_toctweak_sidetoc->render()
  #2 /var/www/html/inc/parserutils.php(691): Doku_Renderer->plugin()
  #3 /var/www/html/inc/parserutils.php(158): p_render()
  #4 /var/www/html/inc/parserutils.php(97): p_cached_output()
  #5 /var/www/html/inc/template.php(1679): p_wiki_xhtml()
  #6 /var/www/html/lib/tpl/arcadebasic/main.php(143): tpl_include_page()
  #7 /var/www/html/inc/actions.php(30): include('...')
  #8 /var/www/html/doku.php(131): act_dispatch()
  #9 {main}
2025-03-04 23:11:04	/var/www/html/lib/plugins/toctweak/syntax/sidetoc.php(73)	E_WARNING: Undefined variable $section
  #0 /var/www/html/lib/plugins/toctweak/syntax/sidetoc.php(73): dokuwiki\ErrorHandler::errorHandler()
  #1 /var/www/html/inc/parser/renderer.php(126): syntax_plugin_toctweak_sidetoc->render()
  #2 /var/www/html/inc/parserutils.php(691): Doku_Renderer->plugin()
  #3 /var/www/html/inc/parserutils.php(158): p_render()
  #4 /var/www/html/inc/parserutils.php(97): p_cached_output()
  #5 /var/www/html/inc/template.php(1679): p_wiki_xhtml()
  #6 /var/www/html/lib/tpl/arcadebasic/main.php(143): tpl_include_page()
  #7 /var/www/html/inc/actions.php(30): include('...')
  #8 /var/www/html/doku.php(131): act_dispatch()
  #9 {main}
