2026-06-07 00:28:00	/var/www/html/lib/plugins/toctweak/syntax/sidetoc.php(73)	E_WARNING: Undefined variable $section
  #0 /var/www/html/lib/plugins/toctweak/syntax/sidetoc.php(73): dokuwiki\ErrorHandler::errorHandler()
  #1 /var/www/html/inc/parser/renderer.php(126): syntax_plugin_toctweak_sidetoc->render()
  #2 /var/www/html/inc/parserutils.php(691): Doku_Renderer->plugin()
  #3 /var/www/html/inc/parserutils.php(158): p_render()
  #4 /var/www/html/inc/parserutils.php(97): p_cached_output()
  #5 /var/www/html/inc/template.php(1679): p_wiki_xhtml()
  #6 /var/www/html/lib/tpl/arcadebasic/main.php(147): tpl_include_page()
  #7 /var/www/html/inc/actions.php(30): include('...')
  #8 /var/www/html/doku.php(131): act_dispatch()
  #9 {main}
2026-06-07 02:31:47	/var/www/html/lib/plugins/toctweak/syntax/sidetoc.php(73)	E_WARNING: Undefined variable $section
  #0 /var/www/html/lib/plugins/toctweak/syntax/sidetoc.php(73): dokuwiki\ErrorHandler::errorHandler()
  #1 /var/www/html/inc/parser/renderer.php(126): syntax_plugin_toctweak_sidetoc->render()
  #2 /var/www/html/inc/parserutils.php(691): Doku_Renderer->plugin()
  #3 /var/www/html/inc/parserutils.php(158): p_render()
  #4 /var/www/html/inc/parserutils.php(97): p_cached_output()
  #5 /var/www/html/inc/template.php(1679): p_wiki_xhtml()
  #6 /var/www/html/lib/tpl/arcadebasic/main.php(147): tpl_include_page()
  #7 /var/www/html/inc/actions.php(30): include('...')
  #8 /var/www/html/doku.php(131): act_dispatch()
  #9 {main}
2026-06-07 05:06:37	/var/www/html/lib/plugins/toctweak/syntax/sidetoc.php(73)	E_WARNING: Undefined variable $section
  #0 /var/www/html/lib/plugins/toctweak/syntax/sidetoc.php(73): dokuwiki\ErrorHandler::errorHandler()
  #1 /var/www/html/inc/parser/renderer.php(126): syntax_plugin_toctweak_sidetoc->render()
  #2 /var/www/html/inc/parserutils.php(691): Doku_Renderer->plugin()
  #3 /var/www/html/inc/parserutils.php(158): p_render()
  #4 /var/www/html/inc/parserutils.php(97): p_cached_output()
  #5 /var/www/html/inc/template.php(1679): p_wiki_xhtml()
  #6 /var/www/html/lib/tpl/arcadebasic/main.php(147): tpl_include_page()
  #7 /var/www/html/inc/actions.php(30): include('...')
  #8 /var/www/html/doku.php(131): act_dispatch()
  #9 {main}
2026-06-07 05:07:25	/var/www/html/lib/plugins/toctweak/syntax/sidetoc.php(73)	E_WARNING: Undefined variable $section
  #0 /var/www/html/lib/plugins/toctweak/syntax/sidetoc.php(73): dokuwiki\ErrorHandler::errorHandler()
  #1 /var/www/html/inc/parser/renderer.php(126): syntax_plugin_toctweak_sidetoc->render()
  #2 /var/www/html/inc/parserutils.php(691): Doku_Renderer->plugin()
  #3 /var/www/html/inc/parserutils.php(158): p_render()
  #4 /var/www/html/inc/parserutils.php(97): p_cached_output()
  #5 /var/www/html/inc/template.php(1679): p_wiki_xhtml()
  #6 /var/www/html/lib/tpl/arcadebasic/main.php(147): tpl_include_page()
  #7 /var/www/html/inc/actions.php(30): include('...')
  #8 /var/www/html/doku.php(131): act_dispatch()
  #9 {main}
2026-06-07 05:17:47	/var/www/html/lib/plugins/toctweak/syntax/sidetoc.php(73)	E_WARNING: Undefined variable $section
  #0 /var/www/html/lib/plugins/toctweak/syntax/sidetoc.php(73): dokuwiki\ErrorHandler::errorHandler()
  #1 /var/www/html/inc/parser/renderer.php(126): syntax_plugin_toctweak_sidetoc->render()
  #2 /var/www/html/inc/parserutils.php(691): Doku_Renderer->plugin()
  #3 /var/www/html/inc/parserutils.php(158): p_render()
  #4 /var/www/html/inc/parserutils.php(97): p_cached_output()
  #5 /var/www/html/inc/template.php(1679): p_wiki_xhtml()
  #6 /var/www/html/lib/tpl/arcadebasic/main.php(147): tpl_include_page()
  #7 /var/www/html/inc/actions.php(30): include('...')
  #8 /var/www/html/doku.php(131): act_dispatch()
  #9 {main}
2026-06-07 07:06:48	/var/www/html/lib/plugins/toctweak/syntax/sidetoc.php(73)	E_WARNING: Undefined variable $section
  #0 /var/www/html/lib/plugins/toctweak/syntax/sidetoc.php(73): dokuwiki\ErrorHandler::errorHandler()
  #1 /var/www/html/inc/parser/renderer.php(126): syntax_plugin_toctweak_sidetoc->render()
  #2 /var/www/html/inc/parserutils.php(691): Doku_Renderer->plugin()
  #3 /var/www/html/inc/parserutils.php(158): p_render()
  #4 /var/www/html/inc/parserutils.php(97): p_cached_output()
  #5 /var/www/html/inc/template.php(1679): p_wiki_xhtml()
  #6 /var/www/html/lib/tpl/arcadebasic/main.php(147): tpl_include_page()
  #7 /var/www/html/inc/actions.php(30): include('...')
  #8 /var/www/html/doku.php(131): act_dispatch()
  #9 {main}
2026-06-07 07:11:59	/var/www/html/lib/plugins/toctweak/syntax/sidetoc.php(73)	E_WARNING: Undefined variable $section
  #0 /var/www/html/lib/plugins/toctweak/syntax/sidetoc.php(73): dokuwiki\ErrorHandler::errorHandler()
  #1 /var/www/html/inc/parser/renderer.php(126): syntax_plugin_toctweak_sidetoc->render()
  #2 /var/www/html/inc/parserutils.php(691): Doku_Renderer->plugin()
  #3 /var/www/html/inc/parserutils.php(158): p_render()
  #4 /var/www/html/inc/parserutils.php(97): p_cached_output()
  #5 /var/www/html/inc/template.php(1679): p_wiki_xhtml()
  #6 /var/www/html/lib/tpl/arcadebasic/main.php(147): tpl_include_page()
  #7 /var/www/html/inc/actions.php(30): include('...')
  #8 /var/www/html/doku.php(131): act_dispatch()
  #9 {main}
2026-06-07 07:12:00	/var/www/html/inc/JpegMeta.php(3183)	E_WARNING: JPEGMeta failed parsing image metadata of /var/www/html/data/media/wiki/art2.jpg. Got 0 instead of 29 bytes at offset 0.
  #0 /var/www/html/inc/JpegMeta.php(1574): JpegMeta->_getFixedString()
  #1 /var/www/html/inc/JpegMeta.php(345): JpegMeta->_parseMarkerXmp()
  #2 /var/www/html/inc/JpegMeta.php(152): JpegMeta->getXmpField()
  #3 /var/www/html/inc/JpegMeta.php(612): JpegMeta->getField()
  #4 /var/www/html/inc/JpegMeta.php(162): JpegMeta->getTitle()
  #5 /var/www/html/lib/plugins/gallery/classes/Image.php(42): JpegMeta->getField()
  #6 /var/www/html/lib/plugins/gallery/classes/ListGallery.php(29): dokuwiki\plugin\gallery\classes\Image->__construct()
  #7 /var/www/html/lib/plugins/gallery/syntax/main.php(86): dokuwiki\plugin\gallery\classes\ListGallery->__construct()
  #8 /var/www/html/inc/parser/renderer.php(126): syntax_plugin_gallery_main->render()
  #9 /var/www/html/inc/parserutils.php(535): Doku_Renderer->plugin()
  #10 /var/www/html/inc/parserutils.php(299): p_render_metadata()
  #11 /var/www/html/inc/Feed/FeedPageProcessor.php(176): p_get_metadata()
  #12 /var/www/html/inc/Feed/FeedPageProcessor.php(98): dokuwiki\Feed\FeedPageProcessor->getMetaData()
  #13 /var/www/html/inc/Feed/FeedPageProcessor.php(75): dokuwiki\Feed\FeedPageProcessor->getAbstract()
  #14 /var/www/html/inc/Feed/FeedCreator.php(97): dokuwiki\Feed\FeedPageProcessor->getBody()
  #15 /var/www/html/inc/Feed/FeedCreator.php(61): dokuwiki\Feed\FeedCreator->createAndAddItem()
  #16 /var/www/html/feed.php(68): dokuwiki\Feed\FeedCreator->build()
  #17 {main}
2026-06-07 07:12:00	/var/www/html/inc/JpegMeta.php(3183)	E_WARNING: JPEGMeta failed parsing image metadata of /var/www/html/data/media/wiki/art3.jpg. Got 0 instead of 29 bytes at offset 0.
  #0 /var/www/html/inc/JpegMeta.php(1574): JpegMeta->_getFixedString()
  #1 /var/www/html/inc/JpegMeta.php(345): JpegMeta->_parseMarkerXmp()
  #2 /var/www/html/inc/JpegMeta.php(152): JpegMeta->getXmpField()
  #3 /var/www/html/inc/JpegMeta.php(612): JpegMeta->getField()
  #4 /var/www/html/inc/JpegMeta.php(162): JpegMeta->getTitle()
  #5 /var/www/html/lib/plugins/gallery/classes/Image.php(42): JpegMeta->getField()
  #6 /var/www/html/lib/plugins/gallery/classes/ListGallery.php(29): dokuwiki\plugin\gallery\classes\Image->__construct()
  #7 /var/www/html/lib/plugins/gallery/syntax/main.php(86): dokuwiki\plugin\gallery\classes\ListGallery->__construct()
  #8 /var/www/html/inc/parser/renderer.php(126): syntax_plugin_gallery_main->render()
  #9 /var/www/html/inc/parserutils.php(535): Doku_Renderer->plugin()
  #10 /var/www/html/inc/parserutils.php(299): p_render_metadata()
  #11 /var/www/html/inc/Feed/FeedPageProcessor.php(176): p_get_metadata()
  #12 /var/www/html/inc/Feed/FeedPageProcessor.php(98): dokuwiki\Feed\FeedPageProcessor->getMetaData()
  #13 /var/www/html/inc/Feed/FeedPageProcessor.php(75): dokuwiki\Feed\FeedPageProcessor->getAbstract()
  #14 /var/www/html/inc/Feed/FeedCreator.php(97): dokuwiki\Feed\FeedPageProcessor->getBody()
  #15 /var/www/html/inc/Feed/FeedCreator.php(61): dokuwiki\Feed\FeedCreator->createAndAddItem()
  #16 /var/www/html/feed.php(68): dokuwiki\Feed\FeedCreator->build()
  #17 {main}
2026-06-07 07:12:00	/var/www/html/inc/JpegMeta.php(3183)	E_WARNING: JPEGMeta failed parsing image metadata of /var/www/html/data/media/wiki/art4.jpg. Got 0 instead of 29 bytes at offset 0.
  #0 /var/www/html/inc/JpegMeta.php(1574): JpegMeta->_getFixedString()
  #1 /var/www/html/inc/JpegMeta.php(345): JpegMeta->_parseMarkerXmp()
  #2 /var/www/html/inc/JpegMeta.php(152): JpegMeta->getXmpField()
  #3 /var/www/html/inc/JpegMeta.php(612): JpegMeta->getField()
  #4 /var/www/html/inc/JpegMeta.php(162): JpegMeta->getTitle()
  #5 /var/www/html/lib/plugins/gallery/classes/Image.php(42): JpegMeta->getField()
  #6 /var/www/html/lib/plugins/gallery/classes/ListGallery.php(29): dokuwiki\plugin\gallery\classes\Image->__construct()
  #7 /var/www/html/lib/plugins/gallery/syntax/main.php(86): dokuwiki\plugin\gallery\classes\ListGallery->__construct()
  #8 /var/www/html/inc/parser/renderer.php(126): syntax_plugin_gallery_main->render()
  #9 /var/www/html/inc/parserutils.php(535): Doku_Renderer->plugin()
  #10 /var/www/html/inc/parserutils.php(299): p_render_metadata()
  #11 /var/www/html/inc/Feed/FeedPageProcessor.php(176): p_get_metadata()
  #12 /var/www/html/inc/Feed/FeedPageProcessor.php(98): dokuwiki\Feed\FeedPageProcessor->getMetaData()
  #13 /var/www/html/inc/Feed/FeedPageProcessor.php(75): dokuwiki\Feed\FeedPageProcessor->getAbstract()
  #14 /var/www/html/inc/Feed/FeedCreator.php(97): dokuwiki\Feed\FeedPageProcessor->getBody()
  #15 /var/www/html/inc/Feed/FeedCreator.php(61): dokuwiki\Feed\FeedCreator->createAndAddItem()
  #16 /var/www/html/feed.php(68): dokuwiki\Feed\FeedCreator->build()
  #17 {main}
2026-06-07 07:12:00	/var/www/html/inc/parser/metadata.php(620)	E_WARNING: Array to string conversion
  #0 /var/www/html/inc/parser/metadata.php(620): dokuwiki\ErrorHandler::errorHandler()
  #1 /var/www/html/lib/plugins/gallery/classes/BasicFormatter.php(68): Doku_Renderer_metadata->internalmedia()
  #2 /var/www/html/lib/plugins/gallery/classes/BasicFormatter.php(41): dokuwiki\plugin\gallery\classes\BasicFormatter->renderImage()
  #3 /var/www/html/lib/plugins/gallery/syntax/main.php(99): dokuwiki\plugin\gallery\classes\BasicFormatter->render()
  #4 /var/www/html/inc/parser/renderer.php(126): syntax_plugin_gallery_main->render()
  #5 /var/www/html/inc/parserutils.php(535): Doku_Renderer->plugin()
  #6 /var/www/html/inc/parserutils.php(299): p_render_metadata()
  #7 /var/www/html/inc/Feed/FeedPageProcessor.php(176): p_get_metadata()
  #8 /var/www/html/inc/Feed/FeedPageProcessor.php(98): dokuwiki\Feed\FeedPageProcessor->getMetaData()
  #9 /var/www/html/inc/Feed/FeedPageProcessor.php(75): dokuwiki\Feed\FeedPageProcessor->getAbstract()
  #10 /var/www/html/inc/Feed/FeedCreator.php(97): dokuwiki\Feed\FeedPageProcessor->getBody()
  #11 /var/www/html/inc/Feed/FeedCreator.php(61): dokuwiki\Feed\FeedCreator->createAndAddItem()
  #12 /var/www/html/feed.php(68): dokuwiki\Feed\FeedCreator->build()
  #13 {main}
2026-06-07 07:12:00	/var/www/html/inc/parser/metadata.php(620)	E_WARNING: Array to string conversion
  #0 /var/www/html/inc/parser/metadata.php(620): dokuwiki\ErrorHandler::errorHandler()
  #1 /var/www/html/lib/plugins/gallery/classes/BasicFormatter.php(68): Doku_Renderer_metadata->internalmedia()
  #2 /var/www/html/lib/plugins/gallery/classes/BasicFormatter.php(41): dokuwiki\plugin\gallery\classes\BasicFormatter->renderImage()
  #3 /var/www/html/lib/plugins/gallery/syntax/main.php(99): dokuwiki\plugin\gallery\classes\BasicFormatter->render()
  #4 /var/www/html/inc/parser/renderer.php(126): syntax_plugin_gallery_main->render()
  #5 /var/www/html/inc/parserutils.php(535): Doku_Renderer->plugin()
  #6 /var/www/html/inc/parserutils.php(299): p_render_metadata()
  #7 /var/www/html/inc/Feed/FeedPageProcessor.php(176): p_get_metadata()
  #8 /var/www/html/inc/Feed/FeedPageProcessor.php(98): dokuwiki\Feed\FeedPageProcessor->getMetaData()
  #9 /var/www/html/inc/Feed/FeedPageProcessor.php(75): dokuwiki\Feed\FeedPageProcessor->getAbstract()
  #10 /var/www/html/inc/Feed/FeedCreator.php(97): dokuwiki\Feed\FeedPageProcessor->getBody()
  #11 /var/www/html/inc/Feed/FeedCreator.php(61): dokuwiki\Feed\FeedCreator->createAndAddItem()
  #12 /var/www/html/feed.php(68): dokuwiki\Feed\FeedCreator->build()
  #13 {main}
2026-06-07 07:12:00	/var/www/html/inc/parser/metadata.php(620)	E_WARNING: Array to string conversion
  #0 /var/www/html/inc/parser/metadata.php(620): dokuwiki\ErrorHandler::errorHandler()
  #1 /var/www/html/lib/plugins/gallery/classes/BasicFormatter.php(68): Doku_Renderer_metadata->internalmedia()
  #2 /var/www/html/lib/plugins/gallery/classes/BasicFormatter.php(41): dokuwiki\plugin\gallery\classes\BasicFormatter->renderImage()
  #3 /var/www/html/lib/plugins/gallery/syntax/main.php(99): dokuwiki\plugin\gallery\classes\BasicFormatter->render()
  #4 /var/www/html/inc/parser/renderer.php(126): syntax_plugin_gallery_main->render()
  #5 /var/www/html/inc/parserutils.php(535): Doku_Renderer->plugin()
  #6 /var/www/html/inc/parserutils.php(299): p_render_metadata()
  #7 /var/www/html/inc/Feed/FeedPageProcessor.php(176): p_get_metadata()
  #8 /var/www/html/inc/Feed/FeedPageProcessor.php(98): dokuwiki\Feed\FeedPageProcessor->getMetaData()
  #9 /var/www/html/inc/Feed/FeedPageProcessor.php(75): dokuwiki\Feed\FeedPageProcessor->getAbstract()
  #10 /var/www/html/inc/Feed/FeedCreator.php(97): dokuwiki\Feed\FeedPageProcessor->getBody()
  #11 /var/www/html/inc/Feed/FeedCreator.php(61): dokuwiki\Feed\FeedCreator->createAndAddItem()
  #12 /var/www/html/feed.php(68): dokuwiki\Feed\FeedCreator->build()
  #13 {main}
2026-06-07 07:12:00	/var/www/html/inc/parser/metadata.php(620)	E_WARNING: Array to string conversion
  #0 /var/www/html/inc/parser/metadata.php(620): dokuwiki\ErrorHandler::errorHandler()
  #1 /var/www/html/lib/plugins/gallery/classes/BasicFormatter.php(68): Doku_Renderer_metadata->internalmedia()
  #2 /var/www/html/lib/plugins/gallery/classes/BasicFormatter.php(41): dokuwiki\plugin\gallery\classes\BasicFormatter->renderImage()
  #3 /var/www/html/lib/plugins/gallery/syntax/main.php(99): dokuwiki\plugin\gallery\classes\BasicFormatter->render()
  #4 /var/www/html/inc/parser/renderer.php(126): syntax_plugin_gallery_main->render()
  #5 /var/www/html/inc/parserutils.php(535): Doku_Renderer->plugin()
  #6 /var/www/html/inc/parserutils.php(299): p_render_metadata()
  #7 /var/www/html/inc/Feed/FeedPageProcessor.php(176): p_get_metadata()
  #8 /var/www/html/inc/Feed/FeedPageProcessor.php(98): dokuwiki\Feed\FeedPageProcessor->getMetaData()
  #9 /var/www/html/inc/Feed/FeedPageProcessor.php(75): dokuwiki\Feed\FeedPageProcessor->getAbstract()
  #10 /var/www/html/inc/Feed/FeedCreator.php(97): dokuwiki\Feed\FeedPageProcessor->getBody()
  #11 /var/www/html/inc/Feed/FeedCreator.php(61): dokuwiki\Feed\FeedCreator->createAndAddItem()
  #12 /var/www/html/feed.php(68): dokuwiki\Feed\FeedCreator->build()
  #13 {main}
2026-06-07 07:12:00	/var/www/html/inc/parser/metadata.php(620)	E_WARNING: Array to string conversion
  #0 /var/www/html/inc/parser/metadata.php(620): dokuwiki\ErrorHandler::errorHandler()
  #1 /var/www/html/lib/plugins/gallery/classes/BasicFormatter.php(68): Doku_Renderer_metadata->internalmedia()
  #2 /var/www/html/lib/plugins/gallery/classes/BasicFormatter.php(41): dokuwiki\plugin\gallery\classes\BasicFormatter->renderImage()
  #3 /var/www/html/lib/plugins/gallery/syntax/main.php(99): dokuwiki\plugin\gallery\classes\BasicFormatter->render()
  #4 /var/www/html/inc/parser/renderer.php(126): syntax_plugin_gallery_main->render()
  #5 /var/www/html/inc/parserutils.php(535): Doku_Renderer->plugin()
  #6 /var/www/html/inc/parserutils.php(299): p_render_metadata()
  #7 /var/www/html/inc/Feed/FeedPageProcessor.php(176): p_get_metadata()
  #8 /var/www/html/inc/Feed/FeedPageProcessor.php(98): dokuwiki\Feed\FeedPageProcessor->getMetaData()
  #9 /var/www/html/inc/Feed/FeedPageProcessor.php(75): dokuwiki\Feed\FeedPageProcessor->getAbstract()
  #10 /var/www/html/inc/Feed/FeedCreator.php(97): dokuwiki\Feed\FeedPageProcessor->getBody()
  #11 /var/www/html/inc/Feed/FeedCreator.php(61): dokuwiki\Feed\FeedCreator->createAndAddItem()
  #12 /var/www/html/feed.php(68): dokuwiki\Feed\FeedCreator->build()
  #13 {main}
2026-06-07 07:47:53	/var/www/html/lib/plugins/toctweak/syntax/sidetoc.php(73)	E_WARNING: Undefined variable $section
  #0 /var/www/html/lib/plugins/toctweak/syntax/sidetoc.php(73): dokuwiki\ErrorHandler::errorHandler()
  #1 /var/www/html/inc/parser/renderer.php(126): syntax_plugin_toctweak_sidetoc->render()
  #2 /var/www/html/inc/parserutils.php(691): Doku_Renderer->plugin()
  #3 /var/www/html/inc/parserutils.php(158): p_render()
  #4 /var/www/html/inc/parserutils.php(97): p_cached_output()
  #5 /var/www/html/inc/template.php(1679): p_wiki_xhtml()
  #6 /var/www/html/lib/tpl/arcadebasic/main.php(147): tpl_include_page()
  #7 /var/www/html/inc/actions.php(30): include('...')
  #8 /var/www/html/doku.php(131): act_dispatch()
  #9 {main}
2026-06-07 08:10:10	/var/www/html/lib/plugins/toctweak/syntax/sidetoc.php(73)	E_WARNING: Undefined variable $section
  #0 /var/www/html/lib/plugins/toctweak/syntax/sidetoc.php(73): dokuwiki\ErrorHandler::errorHandler()
  #1 /var/www/html/inc/parser/renderer.php(126): syntax_plugin_toctweak_sidetoc->render()
  #2 /var/www/html/inc/parserutils.php(691): Doku_Renderer->plugin()
  #3 /var/www/html/inc/parserutils.php(158): p_render()
  #4 /var/www/html/inc/parserutils.php(97): p_cached_output()
  #5 /var/www/html/inc/template.php(1679): p_wiki_xhtml()
  #6 /var/www/html/lib/tpl/arcadebasic/main.php(147): tpl_include_page()
  #7 /var/www/html/inc/actions.php(30): include('...')
  #8 /var/www/html/doku.php(131): act_dispatch()
  #9 {main}
2026-06-07 08:20:33	/var/www/html/lib/plugins/toctweak/syntax/sidetoc.php(73)	E_WARNING: Undefined variable $section
  #0 /var/www/html/lib/plugins/toctweak/syntax/sidetoc.php(73): dokuwiki\ErrorHandler::errorHandler()
  #1 /var/www/html/inc/parser/renderer.php(126): syntax_plugin_toctweak_sidetoc->render()
  #2 /var/www/html/inc/parserutils.php(691): Doku_Renderer->plugin()
  #3 /var/www/html/inc/parserutils.php(158): p_render()
  #4 /var/www/html/inc/parserutils.php(97): p_cached_output()
  #5 /var/www/html/inc/template.php(1679): p_wiki_xhtml()
  #6 /var/www/html/lib/tpl/arcadebasic/main.php(147): tpl_include_page()
  #7 /var/www/html/inc/actions.php(30): include('...')
  #8 /var/www/html/doku.php(131): act_dispatch()
  #9 {main}
2026-06-07 08:20:48	/var/www/html/lib/plugins/toctweak/syntax/sidetoc.php(73)	E_WARNING: Undefined variable $section
  #0 /var/www/html/lib/plugins/toctweak/syntax/sidetoc.php(73): dokuwiki\ErrorHandler::errorHandler()
  #1 /var/www/html/inc/parser/renderer.php(126): syntax_plugin_toctweak_sidetoc->render()
  #2 /var/www/html/inc/parserutils.php(691): Doku_Renderer->plugin()
  #3 /var/www/html/inc/parserutils.php(158): p_render()
  #4 /var/www/html/inc/parserutils.php(97): p_cached_output()
  #5 /var/www/html/inc/template.php(1679): p_wiki_xhtml()
  #6 /var/www/html/lib/tpl/arcadebasic/main.php(147): tpl_include_page()
  #7 /var/www/html/inc/actions.php(30): include('...')
  #8 /var/www/html/doku.php(131): act_dispatch()
  #9 {main}
2026-06-07 08:21:00	/var/www/html/lib/plugins/toctweak/syntax/sidetoc.php(73)	E_WARNING: Undefined variable $section
  #0 /var/www/html/lib/plugins/toctweak/syntax/sidetoc.php(73): dokuwiki\ErrorHandler::errorHandler()
  #1 /var/www/html/inc/parser/renderer.php(126): syntax_plugin_toctweak_sidetoc->render()
  #2 /var/www/html/inc/parserutils.php(691): Doku_Renderer->plugin()
  #3 /var/www/html/inc/parserutils.php(158): p_render()
  #4 /var/www/html/inc/parserutils.php(97): p_cached_output()
  #5 /var/www/html/inc/template.php(1679): p_wiki_xhtml()
  #6 /var/www/html/lib/tpl/arcadebasic/main.php(147): tpl_include_page()
  #7 /var/www/html/inc/actions.php(30): include('...')
  #8 /var/www/html/doku.php(131): act_dispatch()
  #9 {main}
2026-06-07 08:41:09	/var/www/html/lib/plugins/toctweak/syntax/sidetoc.php(73)	E_WARNING: Undefined variable $section
  #0 /var/www/html/lib/plugins/toctweak/syntax/sidetoc.php(73): dokuwiki\ErrorHandler::errorHandler()
  #1 /var/www/html/inc/parser/renderer.php(126): syntax_plugin_toctweak_sidetoc->render()
  #2 /var/www/html/inc/parserutils.php(691): Doku_Renderer->plugin()
  #3 /var/www/html/inc/parserutils.php(158): p_render()
  #4 /var/www/html/inc/parserutils.php(97): p_cached_output()
  #5 /var/www/html/inc/template.php(1679): p_wiki_xhtml()
  #6 /var/www/html/lib/tpl/arcadebasic/main.php(147): tpl_include_page()
  #7 /var/www/html/inc/actions.php(30): include('...')
  #8 /var/www/html/doku.php(131): act_dispatch()
  #9 {main}
2026-06-07 09:53:19	/var/www/html/lib/plugins/toctweak/syntax/sidetoc.php(73)	E_WARNING: Undefined variable $section
  #0 /var/www/html/lib/plugins/toctweak/syntax/sidetoc.php(73): dokuwiki\ErrorHandler::errorHandler()
  #1 /var/www/html/inc/parser/renderer.php(126): syntax_plugin_toctweak_sidetoc->render()
  #2 /var/www/html/inc/parserutils.php(691): Doku_Renderer->plugin()
  #3 /var/www/html/inc/parserutils.php(158): p_render()
  #4 /var/www/html/inc/parserutils.php(97): p_cached_output()
  #5 /var/www/html/inc/template.php(1679): p_wiki_xhtml()
  #6 /var/www/html/lib/tpl/arcadebasic/main.php(147): tpl_include_page()
  #7 /var/www/html/inc/actions.php(30): include('...')
  #8 /var/www/html/doku.php(131): act_dispatch()
  #9 {main}
2026-06-07 09:56:36	/var/www/html/lib/plugins/toctweak/syntax/sidetoc.php(73)	E_WARNING: Undefined variable $section
  #0 /var/www/html/lib/plugins/toctweak/syntax/sidetoc.php(73): dokuwiki\ErrorHandler::errorHandler()
  #1 /var/www/html/inc/parser/renderer.php(126): syntax_plugin_toctweak_sidetoc->render()
  #2 /var/www/html/inc/parserutils.php(691): Doku_Renderer->plugin()
  #3 /var/www/html/inc/parserutils.php(158): p_render()
  #4 /var/www/html/inc/parserutils.php(97): p_cached_output()
  #5 /var/www/html/inc/template.php(1679): p_wiki_xhtml()
  #6 /var/www/html/lib/tpl/arcadebasic/main.php(147): tpl_include_page()
  #7 /var/www/html/inc/actions.php(30): include('...')
  #8 /var/www/html/doku.php(131): act_dispatch()
  #9 {main}
2026-06-07 09:58:31	/var/www/html/lib/plugins/toctweak/syntax/sidetoc.php(73)	E_WARNING: Undefined variable $section
  #0 /var/www/html/lib/plugins/toctweak/syntax/sidetoc.php(73): dokuwiki\ErrorHandler::errorHandler()
  #1 /var/www/html/inc/parser/renderer.php(126): syntax_plugin_toctweak_sidetoc->render()
  #2 /var/www/html/inc/parserutils.php(691): Doku_Renderer->plugin()
  #3 /var/www/html/inc/parserutils.php(158): p_render()
  #4 /var/www/html/inc/parserutils.php(97): p_cached_output()
  #5 /var/www/html/inc/template.php(1679): p_wiki_xhtml()
  #6 /var/www/html/lib/tpl/arcadebasic/main.php(147): tpl_include_page()
  #7 /var/www/html/inc/actions.php(30): include('...')
  #8 /var/www/html/doku.php(131): act_dispatch()
  #9 {main}
2026-06-07 09:58:37	/var/www/html/lib/plugins/toctweak/syntax/sidetoc.php(73)	E_WARNING: Undefined variable $section
  #0 /var/www/html/lib/plugins/toctweak/syntax/sidetoc.php(73): dokuwiki\ErrorHandler::errorHandler()
  #1 /var/www/html/inc/parser/renderer.php(126): syntax_plugin_toctweak_sidetoc->render()
  #2 /var/www/html/inc/parserutils.php(691): Doku_Renderer->plugin()
  #3 /var/www/html/inc/parserutils.php(158): p_render()
  #4 /var/www/html/inc/parserutils.php(97): p_cached_output()
  #5 /var/www/html/inc/template.php(1679): p_wiki_xhtml()
  #6 /var/www/html/lib/tpl/arcadebasic/main.php(147): tpl_include_page()
  #7 /var/www/html/inc/actions.php(30): include('...')
  #8 /var/www/html/doku.php(131): act_dispatch()
  #9 {main}
2026-06-07 09:58:41	/var/www/html/lib/plugins/toctweak/syntax/sidetoc.php(73)	E_WARNING: Undefined variable $section
  #0 /var/www/html/lib/plugins/toctweak/syntax/sidetoc.php(73): dokuwiki\ErrorHandler::errorHandler()
  #1 /var/www/html/inc/parser/renderer.php(126): syntax_plugin_toctweak_sidetoc->render()
  #2 /var/www/html/inc/parserutils.php(691): Doku_Renderer->plugin()
  #3 /var/www/html/inc/parserutils.php(158): p_render()
  #4 /var/www/html/inc/parserutils.php(97): p_cached_output()
  #5 /var/www/html/inc/template.php(1679): p_wiki_xhtml()
  #6 /var/www/html/lib/tpl/arcadebasic/main.php(147): tpl_include_page()
  #7 /var/www/html/inc/actions.php(30): include('...')
  #8 /var/www/html/doku.php(131): act_dispatch()
  #9 {main}
2026-06-07 11:20:29	/var/www/html/lib/plugins/toctweak/syntax/sidetoc.php(73)	E_WARNING: Undefined variable $section
  #0 /var/www/html/lib/plugins/toctweak/syntax/sidetoc.php(73): dokuwiki\ErrorHandler::errorHandler()
  #1 /var/www/html/inc/parser/renderer.php(126): syntax_plugin_toctweak_sidetoc->render()
  #2 /var/www/html/inc/parserutils.php(691): Doku_Renderer->plugin()
  #3 /var/www/html/inc/parserutils.php(158): p_render()
  #4 /var/www/html/inc/parserutils.php(97): p_cached_output()
  #5 /var/www/html/inc/template.php(1679): p_wiki_xhtml()
  #6 /var/www/html/lib/tpl/arcadebasic/main.php(147): tpl_include_page()
  #7 /var/www/html/inc/actions.php(30): include('...')
  #8 /var/www/html/doku.php(131): act_dispatch()
  #9 {main}
2026-06-07 12:47:55	/var/www/html/lib/plugins/toctweak/syntax/sidetoc.php(73)	E_WARNING: Undefined variable $section
  #0 /var/www/html/lib/plugins/toctweak/syntax/sidetoc.php(73): dokuwiki\ErrorHandler::errorHandler()
  #1 /var/www/html/inc/parser/renderer.php(126): syntax_plugin_toctweak_sidetoc->render()
  #2 /var/www/html/inc/parserutils.php(691): Doku_Renderer->plugin()
  #3 /var/www/html/inc/parserutils.php(158): p_render()
  #4 /var/www/html/inc/parserutils.php(97): p_cached_output()
  #5 /var/www/html/inc/template.php(1679): p_wiki_xhtml()
  #6 /var/www/html/lib/tpl/arcadebasic/main.php(147): tpl_include_page()
  #7 /var/www/html/inc/actions.php(30): include('...')
  #8 /var/www/html/doku.php(131): act_dispatch()
  #9 {main}
2026-06-07 14:01:39	/var/www/html/lib/plugins/toctweak/syntax/sidetoc.php(73)	E_WARNING: Undefined variable $section
  #0 /var/www/html/lib/plugins/toctweak/syntax/sidetoc.php(73): dokuwiki\ErrorHandler::errorHandler()
  #1 /var/www/html/inc/parser/renderer.php(126): syntax_plugin_toctweak_sidetoc->render()
  #2 /var/www/html/inc/parserutils.php(691): Doku_Renderer->plugin()
  #3 /var/www/html/inc/parserutils.php(158): p_render()
  #4 /var/www/html/inc/parserutils.php(97): p_cached_output()
  #5 /var/www/html/inc/template.php(1679): p_wiki_xhtml()
  #6 /var/www/html/lib/tpl/arcadebasic/main.php(147): tpl_include_page()
  #7 /var/www/html/inc/actions.php(30): include('...')
  #8 /var/www/html/doku.php(131): act_dispatch()
  #9 {main}
2026-06-07 15:43:16	/var/www/html/lib/plugins/toctweak/syntax/sidetoc.php(73)	E_WARNING: Undefined variable $section
  #0 /var/www/html/lib/plugins/toctweak/syntax/sidetoc.php(73): dokuwiki\ErrorHandler::errorHandler()
  #1 /var/www/html/inc/parser/renderer.php(126): syntax_plugin_toctweak_sidetoc->render()
  #2 /var/www/html/inc/parserutils.php(691): Doku_Renderer->plugin()
  #3 /var/www/html/inc/parserutils.php(158): p_render()
  #4 /var/www/html/inc/parserutils.php(97): p_cached_output()
  #5 /var/www/html/inc/template.php(1679): p_wiki_xhtml()
  #6 /var/www/html/lib/tpl/arcadebasic/main.php(147): tpl_include_page()
  #7 /var/www/html/inc/actions.php(30): include('...')
  #8 /var/www/html/doku.php(131): act_dispatch()
  #9 {main}
2026-06-07 15:49:51	/var/www/html/lib/plugins/toctweak/syntax/sidetoc.php(73)	E_WARNING: Undefined variable $section
  #0 /var/www/html/lib/plugins/toctweak/syntax/sidetoc.php(73): dokuwiki\ErrorHandler::errorHandler()
  #1 /var/www/html/inc/parser/renderer.php(126): syntax_plugin_toctweak_sidetoc->render()
  #2 /var/www/html/inc/parserutils.php(691): Doku_Renderer->plugin()
  #3 /var/www/html/inc/parserutils.php(158): p_render()
  #4 /var/www/html/inc/parserutils.php(97): p_cached_output()
  #5 /var/www/html/inc/template.php(1679): p_wiki_xhtml()
  #6 /var/www/html/lib/tpl/arcadebasic/main.php(147): tpl_include_page()
  #7 /var/www/html/inc/actions.php(30): include('...')
  #8 /var/www/html/doku.php(131): act_dispatch()
  #9 {main}
2026-06-07 16:19:32	/var/www/html/lib/plugins/toctweak/syntax/sidetoc.php(73)	E_WARNING: Undefined variable $section
  #0 /var/www/html/lib/plugins/toctweak/syntax/sidetoc.php(73): dokuwiki\ErrorHandler::errorHandler()
  #1 /var/www/html/inc/parser/renderer.php(126): syntax_plugin_toctweak_sidetoc->render()
  #2 /var/www/html/inc/parserutils.php(691): Doku_Renderer->plugin()
  #3 /var/www/html/inc/parserutils.php(158): p_render()
  #4 /var/www/html/inc/parserutils.php(97): p_cached_output()
  #5 /var/www/html/inc/template.php(1679): p_wiki_xhtml()
  #6 /var/www/html/lib/tpl/arcadebasic/main.php(147): tpl_include_page()
  #7 /var/www/html/inc/actions.php(30): include('...')
  #8 /var/www/html/doku.php(131): act_dispatch()
  #9 {main}
2026-06-07 16:45:28	/var/www/html/lib/plugins/toctweak/syntax/sidetoc.php(73)	E_WARNING: Undefined variable $section
  #0 /var/www/html/lib/plugins/toctweak/syntax/sidetoc.php(73): dokuwiki\ErrorHandler::errorHandler()
  #1 /var/www/html/inc/parser/renderer.php(126): syntax_plugin_toctweak_sidetoc->render()
  #2 /var/www/html/inc/parserutils.php(691): Doku_Renderer->plugin()
  #3 /var/www/html/inc/parserutils.php(158): p_render()
  #4 /var/www/html/inc/parserutils.php(97): p_cached_output()
  #5 /var/www/html/inc/template.php(1679): p_wiki_xhtml()
  #6 /var/www/html/lib/tpl/arcadebasic/main.php(147): tpl_include_page()
  #7 /var/www/html/inc/actions.php(30): include('...')
  #8 /var/www/html/doku.php(131): act_dispatch()
  #9 {main}
2026-06-07 17:40:57	/var/www/html/lib/plugins/toctweak/syntax/sidetoc.php(73)	E_WARNING: Undefined variable $section
  #0 /var/www/html/lib/plugins/toctweak/syntax/sidetoc.php(73): dokuwiki\ErrorHandler::errorHandler()
  #1 /var/www/html/inc/parser/renderer.php(126): syntax_plugin_toctweak_sidetoc->render()
  #2 /var/www/html/inc/parserutils.php(691): Doku_Renderer->plugin()
  #3 /var/www/html/inc/parserutils.php(158): p_render()
  #4 /var/www/html/inc/parserutils.php(97): p_cached_output()
  #5 /var/www/html/inc/template.php(1679): p_wiki_xhtml()
  #6 /var/www/html/lib/tpl/arcadebasic/main.php(147): tpl_include_page()
  #7 /var/www/html/inc/actions.php(30): include('...')
  #8 /var/www/html/doku.php(131): act_dispatch()
  #9 {main}
2026-06-07 18:17:50	/var/www/html/lib/plugins/toctweak/syntax/sidetoc.php(73)	E_WARNING: Undefined variable $section
  #0 /var/www/html/lib/plugins/toctweak/syntax/sidetoc.php(73): dokuwiki\ErrorHandler::errorHandler()
  #1 /var/www/html/inc/parser/renderer.php(126): syntax_plugin_toctweak_sidetoc->render()
  #2 /var/www/html/inc/parserutils.php(691): Doku_Renderer->plugin()
  #3 /var/www/html/inc/parserutils.php(158): p_render()
  #4 /var/www/html/inc/parserutils.php(97): p_cached_output()
  #5 /var/www/html/inc/template.php(1679): p_wiki_xhtml()
  #6 /var/www/html/lib/tpl/arcadebasic/main.php(147): tpl_include_page()
  #7 /var/www/html/inc/actions.php(30): include('...')
  #8 /var/www/html/doku.php(131): act_dispatch()
  #9 {main}
2026-06-07 19:21:58	/var/www/html/lib/plugins/toctweak/syntax/sidetoc.php(73)	E_WARNING: Undefined variable $section
  #0 /var/www/html/lib/plugins/toctweak/syntax/sidetoc.php(73): dokuwiki\ErrorHandler::errorHandler()
  #1 /var/www/html/inc/parser/renderer.php(126): syntax_plugin_toctweak_sidetoc->render()
  #2 /var/www/html/inc/parserutils.php(691): Doku_Renderer->plugin()
  #3 /var/www/html/inc/parserutils.php(158): p_render()
  #4 /var/www/html/inc/parserutils.php(97): p_cached_output()
  #5 /var/www/html/inc/template.php(1679): p_wiki_xhtml()
  #6 /var/www/html/lib/tpl/arcadebasic/main.php(147): tpl_include_page()
  #7 /var/www/html/inc/actions.php(30): include('...')
  #8 /var/www/html/doku.php(131): act_dispatch()
  #9 {main}
2026-06-07 19:52:20	/var/www/html/lib/plugins/toctweak/syntax/sidetoc.php(73)	E_WARNING: Undefined variable $section
  #0 /var/www/html/lib/plugins/toctweak/syntax/sidetoc.php(73): dokuwiki\ErrorHandler::errorHandler()
  #1 /var/www/html/inc/parser/renderer.php(126): syntax_plugin_toctweak_sidetoc->render()
  #2 /var/www/html/inc/parserutils.php(691): Doku_Renderer->plugin()
  #3 /var/www/html/inc/parserutils.php(158): p_render()
  #4 /var/www/html/inc/parserutils.php(97): p_cached_output()
  #5 /var/www/html/inc/template.php(1679): p_wiki_xhtml()
  #6 /var/www/html/lib/tpl/arcadebasic/main.php(147): tpl_include_page()
  #7 /var/www/html/inc/actions.php(30): include('...')
  #8 /var/www/html/doku.php(131): act_dispatch()
  #9 {main}
2026-06-07 20:28:20	/var/www/html/lib/plugins/toctweak/syntax/sidetoc.php(73)	E_WARNING: Undefined variable $section
  #0 /var/www/html/lib/plugins/toctweak/syntax/sidetoc.php(73): dokuwiki\ErrorHandler::errorHandler()
  #1 /var/www/html/inc/parser/renderer.php(126): syntax_plugin_toctweak_sidetoc->render()
  #2 /var/www/html/inc/parserutils.php(691): Doku_Renderer->plugin()
  #3 /var/www/html/inc/parserutils.php(158): p_render()
  #4 /var/www/html/inc/parserutils.php(97): p_cached_output()
  #5 /var/www/html/inc/template.php(1679): p_wiki_xhtml()
  #6 /var/www/html/lib/tpl/arcadebasic/main.php(147): tpl_include_page()
  #7 /var/www/html/inc/actions.php(30): include('...')
  #8 /var/www/html/doku.php(131): act_dispatch()
  #9 {main}
2026-06-07 22:43:44	/var/www/html/lib/plugins/toctweak/syntax/sidetoc.php(73)	E_WARNING: Undefined variable $section
  #0 /var/www/html/lib/plugins/toctweak/syntax/sidetoc.php(73): dokuwiki\ErrorHandler::errorHandler()
  #1 /var/www/html/inc/parser/renderer.php(126): syntax_plugin_toctweak_sidetoc->render()
  #2 /var/www/html/inc/parserutils.php(691): Doku_Renderer->plugin()
  #3 /var/www/html/inc/parserutils.php(158): p_render()
  #4 /var/www/html/inc/parserutils.php(97): p_cached_output()
  #5 /var/www/html/inc/template.php(1679): p_wiki_xhtml()
  #6 /var/www/html/lib/tpl/arcadebasic/main.php(147): tpl_include_page()
  #7 /var/www/html/inc/actions.php(30): include('...')
  #8 /var/www/html/doku.php(131): act_dispatch()
  #9 {main}
2026-06-07 23:04:04	/var/www/html/lib/plugins/toctweak/syntax/sidetoc.php(73)	E_WARNING: Undefined variable $section
  #0 /var/www/html/lib/plugins/toctweak/syntax/sidetoc.php(73): dokuwiki\ErrorHandler::errorHandler()
  #1 /var/www/html/inc/parser/renderer.php(126): syntax_plugin_toctweak_sidetoc->render()
  #2 /var/www/html/inc/parserutils.php(691): Doku_Renderer->plugin()
  #3 /var/www/html/inc/parserutils.php(158): p_render()
  #4 /var/www/html/inc/parserutils.php(97): p_cached_output()
  #5 /var/www/html/inc/template.php(1679): p_wiki_xhtml()
  #6 /var/www/html/lib/tpl/arcadebasic/main.php(147): tpl_include_page()
  #7 /var/www/html/inc/actions.php(30): include('...')
  #8 /var/www/html/doku.php(131): act_dispatch()
  #9 {main}
2026-06-07 23:23:07	/var/www/html/lib/plugins/toctweak/syntax/sidetoc.php(73)	E_WARNING: Undefined variable $section
  #0 /var/www/html/lib/plugins/toctweak/syntax/sidetoc.php(73): dokuwiki\ErrorHandler::errorHandler()
  #1 /var/www/html/inc/parser/renderer.php(126): syntax_plugin_toctweak_sidetoc->render()
  #2 /var/www/html/inc/parserutils.php(691): Doku_Renderer->plugin()
  #3 /var/www/html/inc/parserutils.php(158): p_render()
  #4 /var/www/html/inc/parserutils.php(97): p_cached_output()
  #5 /var/www/html/inc/template.php(1679): p_wiki_xhtml()
  #6 /var/www/html/lib/tpl/arcadebasic/main.php(147): tpl_include_page()
  #7 /var/www/html/inc/actions.php(30): include('...')
  #8 /var/www/html/doku.php(131): act_dispatch()
  #9 {main}
2026-06-07 23:49:28	/var/www/html/lib/plugins/toctweak/syntax/sidetoc.php(73)	E_WARNING: Undefined variable $section
  #0 /var/www/html/lib/plugins/toctweak/syntax/sidetoc.php(73): dokuwiki\ErrorHandler::errorHandler()
  #1 /var/www/html/inc/parser/renderer.php(126): syntax_plugin_toctweak_sidetoc->render()
  #2 /var/www/html/inc/parserutils.php(691): Doku_Renderer->plugin()
  #3 /var/www/html/inc/parserutils.php(158): p_render()
  #4 /var/www/html/inc/parserutils.php(97): p_cached_output()
  #5 /var/www/html/inc/template.php(1679): p_wiki_xhtml()
  #6 /var/www/html/lib/tpl/arcadebasic/main.php(147): tpl_include_page()
  #7 /var/www/html/inc/actions.php(30): include('...')
  #8 /var/www/html/doku.php(131): act_dispatch()
  #9 {main}
