2026-06-09 01:44:37	/var/www/html/lib/plugins/toctweak/syntax/sidetoc.php(73)	E_WARNING: Undefined variable $section
  #0 /var/www/html/lib/plugins/toctweak/syntax/sidetoc.php(73): dokuwiki\ErrorHandler::errorHandler()
  #1 /var/www/html/inc/parser/renderer.php(126): syntax_plugin_toctweak_sidetoc->render()
  #2 /var/www/html/inc/parserutils.php(691): Doku_Renderer->plugin()
  #3 /var/www/html/inc/parserutils.php(158): p_render()
  #4 /var/www/html/inc/parserutils.php(97): p_cached_output()
  #5 /var/www/html/inc/template.php(1679): p_wiki_xhtml()
  #6 /var/www/html/lib/tpl/arcadebasic/main.php(147): tpl_include_page()
  #7 /var/www/html/inc/actions.php(30): include('...')
  #8 /var/www/html/doku.php(131): act_dispatch()
  #9 {main}
2026-06-09 03:04:03	/var/www/html/lib/plugins/toctweak/syntax/sidetoc.php(73)	E_WARNING: Undefined variable $section
  #0 /var/www/html/lib/plugins/toctweak/syntax/sidetoc.php(73): dokuwiki\ErrorHandler::errorHandler()
  #1 /var/www/html/inc/parser/renderer.php(126): syntax_plugin_toctweak_sidetoc->render()
  #2 /var/www/html/inc/parserutils.php(691): Doku_Renderer->plugin()
  #3 /var/www/html/inc/parserutils.php(158): p_render()
  #4 /var/www/html/inc/parserutils.php(97): p_cached_output()
  #5 /var/www/html/inc/template.php(1679): p_wiki_xhtml()
  #6 /var/www/html/lib/tpl/arcadebasic/main.php(147): tpl_include_page()
  #7 /var/www/html/inc/actions.php(30): include('...')
  #8 /var/www/html/doku.php(131): act_dispatch()
  #9 {main}
2026-06-09 03:35:45	/var/www/html/lib/plugins/toctweak/syntax/sidetoc.php(73)	E_WARNING: Undefined variable $section
  #0 /var/www/html/lib/plugins/toctweak/syntax/sidetoc.php(73): dokuwiki\ErrorHandler::errorHandler()
  #1 /var/www/html/inc/parser/renderer.php(126): syntax_plugin_toctweak_sidetoc->render()
  #2 /var/www/html/inc/parserutils.php(691): Doku_Renderer->plugin()
  #3 /var/www/html/inc/parserutils.php(158): p_render()
  #4 /var/www/html/inc/parserutils.php(97): p_cached_output()
  #5 /var/www/html/inc/template.php(1679): p_wiki_xhtml()
  #6 /var/www/html/lib/tpl/arcadebasic/main.php(147): tpl_include_page()
  #7 /var/www/html/inc/actions.php(30): include('...')
  #8 /var/www/html/doku.php(131): act_dispatch()
  #9 {main}
