2026-06-05 00:05:15	/var/www/html/lib/plugins/toctweak/syntax/sidetoc.php(73)	E_WARNING: Undefined variable $section
  #0 /var/www/html/lib/plugins/toctweak/syntax/sidetoc.php(73): dokuwiki\ErrorHandler::errorHandler()
  #1 /var/www/html/inc/parser/renderer.php(126): syntax_plugin_toctweak_sidetoc->render()
  #2 /var/www/html/inc/parserutils.php(691): Doku_Renderer->plugin()
  #3 /var/www/html/inc/parserutils.php(158): p_render()
  #4 /var/www/html/inc/parserutils.php(97): p_cached_output()
  #5 /var/www/html/inc/template.php(1679): p_wiki_xhtml()
  #6 /var/www/html/lib/tpl/arcadebasic/main.php(147): tpl_include_page()
  #7 /var/www/html/inc/actions.php(30): include('...')
  #8 /var/www/html/doku.php(131): act_dispatch()
  #9 {main}
2026-06-05 00:05:58	/var/www/html/lib/plugins/toctweak/syntax/sidetoc.php(73)	E_WARNING: Undefined variable $section
  #0 /var/www/html/lib/plugins/toctweak/syntax/sidetoc.php(73): dokuwiki\ErrorHandler::errorHandler()
  #1 /var/www/html/inc/parser/renderer.php(126): syntax_plugin_toctweak_sidetoc->render()
  #2 /var/www/html/inc/parserutils.php(691): Doku_Renderer->plugin()
  #3 /var/www/html/inc/parserutils.php(158): p_render()
  #4 /var/www/html/inc/parserutils.php(97): p_cached_output()
  #5 /var/www/html/inc/template.php(1679): p_wiki_xhtml()
  #6 /var/www/html/lib/tpl/arcadebasic/main.php(147): tpl_include_page()
  #7 /var/www/html/inc/actions.php(30): include('...')
  #8 /var/www/html/doku.php(131): act_dispatch()
  #9 {main}
2026-06-05 00:36:18	/var/www/html/lib/plugins/toctweak/syntax/sidetoc.php(73)	E_WARNING: Undefined variable $section
  #0 /var/www/html/lib/plugins/toctweak/syntax/sidetoc.php(73): dokuwiki\ErrorHandler::errorHandler()
  #1 /var/www/html/inc/parser/renderer.php(126): syntax_plugin_toctweak_sidetoc->render()
  #2 /var/www/html/inc/parserutils.php(691): Doku_Renderer->plugin()
  #3 /var/www/html/inc/parserutils.php(158): p_render()
  #4 /var/www/html/inc/parserutils.php(97): p_cached_output()
  #5 /var/www/html/inc/template.php(1679): p_wiki_xhtml()
  #6 /var/www/html/lib/tpl/arcadebasic/main.php(147): tpl_include_page()
  #7 /var/www/html/inc/actions.php(30): include('...')
  #8 /var/www/html/doku.php(131): act_dispatch()
  #9 {main}
2026-06-05 00:36:19	/var/www/html/lib/plugins/toctweak/syntax/sidetoc.php(73)	E_WARNING: Undefined variable $section
  #0 /var/www/html/lib/plugins/toctweak/syntax/sidetoc.php(73): dokuwiki\ErrorHandler::errorHandler()
  #1 /var/www/html/inc/parser/renderer.php(126): syntax_plugin_toctweak_sidetoc->render()
  #2 /var/www/html/inc/parserutils.php(691): Doku_Renderer->plugin()
  #3 /var/www/html/inc/parserutils.php(158): p_render()
  #4 /var/www/html/inc/parserutils.php(97): p_cached_output()
  #5 /var/www/html/inc/template.php(1679): p_wiki_xhtml()
  #6 /var/www/html/lib/tpl/arcadebasic/main.php(147): tpl_include_page()
  #7 /var/www/html/inc/actions.php(30): include('...')
  #8 /var/www/html/doku.php(131): act_dispatch()
  #9 {main}
2026-06-05 00:36:21	/var/www/html/lib/plugins/toctweak/syntax/sidetoc.php(73)	E_WARNING: Undefined variable $section
  #0 /var/www/html/lib/plugins/toctweak/syntax/sidetoc.php(73): dokuwiki\ErrorHandler::errorHandler()
  #1 /var/www/html/inc/parser/renderer.php(126): syntax_plugin_toctweak_sidetoc->render()
  #2 /var/www/html/inc/parserutils.php(691): Doku_Renderer->plugin()
  #3 /var/www/html/inc/parserutils.php(158): p_render()
  #4 /var/www/html/inc/parserutils.php(97): p_cached_output()
  #5 /var/www/html/inc/template.php(1679): p_wiki_xhtml()
  #6 /var/www/html/lib/tpl/arcadebasic/main.php(147): tpl_include_page()
  #7 /var/www/html/inc/actions.php(30): include('...')
  #8 /var/www/html/doku.php(131): act_dispatch()
  #9 {main}
2026-06-05 00:36:23	/var/www/html/lib/plugins/toctweak/syntax/sidetoc.php(73)	E_WARNING: Undefined variable $section
  #0 /var/www/html/lib/plugins/toctweak/syntax/sidetoc.php(73): dokuwiki\ErrorHandler::errorHandler()
  #1 /var/www/html/inc/parser/renderer.php(126): syntax_plugin_toctweak_sidetoc->render()
  #2 /var/www/html/inc/parserutils.php(691): Doku_Renderer->plugin()
  #3 /var/www/html/inc/parserutils.php(158): p_render()
  #4 /var/www/html/inc/parserutils.php(97): p_cached_output()
  #5 /var/www/html/inc/template.php(1679): p_wiki_xhtml()
  #6 /var/www/html/lib/tpl/arcadebasic/main.php(147): tpl_include_page()
  #7 /var/www/html/inc/actions.php(30): include('...')
  #8 /var/www/html/doku.php(131): act_dispatch()
  #9 {main}
2026-06-05 00:36:24	/var/www/html/lib/plugins/toctweak/syntax/sidetoc.php(73)	E_WARNING: Undefined variable $section
  #0 /var/www/html/lib/plugins/toctweak/syntax/sidetoc.php(73): dokuwiki\ErrorHandler::errorHandler()
  #1 /var/www/html/inc/parser/renderer.php(126): syntax_plugin_toctweak_sidetoc->render()
  #2 /var/www/html/inc/parserutils.php(691): Doku_Renderer->plugin()
  #3 /var/www/html/inc/parserutils.php(158): p_render()
  #4 /var/www/html/inc/parserutils.php(97): p_cached_output()
  #5 /var/www/html/inc/template.php(1679): p_wiki_xhtml()
  #6 /var/www/html/lib/tpl/arcadebasic/main.php(147): tpl_include_page()
  #7 /var/www/html/inc/actions.php(30): include('...')
  #8 /var/www/html/doku.php(131): act_dispatch()
  #9 {main}
2026-06-05 00:36:25	/var/www/html/lib/plugins/toctweak/syntax/sidetoc.php(73)	E_WARNING: Undefined variable $section
  #0 /var/www/html/lib/plugins/toctweak/syntax/sidetoc.php(73): dokuwiki\ErrorHandler::errorHandler()
  #1 /var/www/html/inc/parser/renderer.php(126): syntax_plugin_toctweak_sidetoc->render()
  #2 /var/www/html/inc/parserutils.php(691): Doku_Renderer->plugin()
  #3 /var/www/html/inc/parserutils.php(158): p_render()
  #4 /var/www/html/inc/parserutils.php(97): p_cached_output()
  #5 /var/www/html/inc/template.php(1679): p_wiki_xhtml()
  #6 /var/www/html/lib/tpl/arcadebasic/main.php(147): tpl_include_page()
  #7 /var/www/html/inc/actions.php(30): include('...')
  #8 /var/www/html/doku.php(131): act_dispatch()
  #9 {main}
2026-06-05 00:36:26	/var/www/html/lib/plugins/toctweak/syntax/sidetoc.php(73)	E_WARNING: Undefined variable $section
  #0 /var/www/html/lib/plugins/toctweak/syntax/sidetoc.php(73): dokuwiki\ErrorHandler::errorHandler()
  #1 /var/www/html/inc/parser/renderer.php(126): syntax_plugin_toctweak_sidetoc->render()
  #2 /var/www/html/inc/parserutils.php(691): Doku_Renderer->plugin()
  #3 /var/www/html/inc/parserutils.php(158): p_render()
  #4 /var/www/html/inc/parserutils.php(97): p_cached_output()
  #5 /var/www/html/inc/template.php(1679): p_wiki_xhtml()
  #6 /var/www/html/lib/tpl/arcadebasic/main.php(147): tpl_include_page()
  #7 /var/www/html/inc/actions.php(30): include('...')
  #8 /var/www/html/doku.php(131): act_dispatch()
  #9 {main}
2026-06-05 00:36:26	/var/www/html/lib/plugins/toctweak/syntax/sidetoc.php(73)	E_WARNING: Undefined variable $section
  #0 /var/www/html/lib/plugins/toctweak/syntax/sidetoc.php(73): dokuwiki\ErrorHandler::errorHandler()
  #1 /var/www/html/inc/parser/renderer.php(126): syntax_plugin_toctweak_sidetoc->render()
  #2 /var/www/html/inc/parserutils.php(691): Doku_Renderer->plugin()
  #3 /var/www/html/inc/parserutils.php(158): p_render()
  #4 /var/www/html/inc/parserutils.php(97): p_cached_output()
  #5 /var/www/html/inc/template.php(1679): p_wiki_xhtml()
  #6 /var/www/html/lib/tpl/arcadebasic/main.php(147): tpl_include_page()
  #7 /var/www/html/inc/actions.php(30): include('...')
  #8 /var/www/html/doku.php(131): act_dispatch()
  #9 {main}
2026-06-05 00:36:26	/var/www/html/lib/plugins/toctweak/syntax/sidetoc.php(73)	E_WARNING: Undefined variable $section
  #0 /var/www/html/lib/plugins/toctweak/syntax/sidetoc.php(73): dokuwiki\ErrorHandler::errorHandler()
  #1 /var/www/html/inc/parser/renderer.php(126): syntax_plugin_toctweak_sidetoc->render()
  #2 /var/www/html/inc/parserutils.php(691): Doku_Renderer->plugin()
  #3 /var/www/html/inc/parserutils.php(158): p_render()
  #4 /var/www/html/inc/parserutils.php(97): p_cached_output()
  #5 /var/www/html/inc/template.php(1679): p_wiki_xhtml()
  #6 /var/www/html/lib/tpl/arcadebasic/main.php(147): tpl_include_page()
  #7 /var/www/html/inc/actions.php(30): include('...')
  #8 /var/www/html/doku.php(131): act_dispatch()
  #9 {main}
2026-06-05 00:36:27	/var/www/html/lib/plugins/toctweak/syntax/sidetoc.php(73)	E_WARNING: Undefined variable $section
  #0 /var/www/html/lib/plugins/toctweak/syntax/sidetoc.php(73): dokuwiki\ErrorHandler::errorHandler()
  #1 /var/www/html/inc/parser/renderer.php(126): syntax_plugin_toctweak_sidetoc->render()
  #2 /var/www/html/inc/parserutils.php(691): Doku_Renderer->plugin()
  #3 /var/www/html/inc/parserutils.php(158): p_render()
  #4 /var/www/html/inc/parserutils.php(97): p_cached_output()
  #5 /var/www/html/inc/template.php(1679): p_wiki_xhtml()
  #6 /var/www/html/lib/tpl/arcadebasic/main.php(147): tpl_include_page()
  #7 /var/www/html/inc/actions.php(30): include('...')
  #8 /var/www/html/doku.php(131): act_dispatch()
  #9 {main}
2026-06-05 03:41:56	/var/www/html/lib/plugins/toctweak/syntax/sidetoc.php(73)	E_WARNING: Undefined variable $section
  #0 /var/www/html/lib/plugins/toctweak/syntax/sidetoc.php(73): dokuwiki\ErrorHandler::errorHandler()
  #1 /var/www/html/inc/parser/renderer.php(126): syntax_plugin_toctweak_sidetoc->render()
  #2 /var/www/html/inc/parserutils.php(691): Doku_Renderer->plugin()
  #3 /var/www/html/inc/parserutils.php(158): p_render()
  #4 /var/www/html/inc/parserutils.php(97): p_cached_output()
  #5 /var/www/html/inc/template.php(1679): p_wiki_xhtml()
  #6 /var/www/html/lib/tpl/arcadebasic/main.php(147): tpl_include_page()
  #7 /var/www/html/inc/actions.php(30): include('...')
  #8 /var/www/html/doku.php(131): act_dispatch()
  #9 {main}
2026-06-05 04:00:30	/var/www/html/lib/plugins/toctweak/syntax/sidetoc.php(73)	E_WARNING: Undefined variable $section
  #0 /var/www/html/lib/plugins/toctweak/syntax/sidetoc.php(73): dokuwiki\ErrorHandler::errorHandler()
  #1 /var/www/html/inc/parser/renderer.php(126): syntax_plugin_toctweak_sidetoc->render()
  #2 /var/www/html/inc/parserutils.php(691): Doku_Renderer->plugin()
  #3 /var/www/html/inc/parserutils.php(158): p_render()
  #4 /var/www/html/inc/parserutils.php(97): p_cached_output()
  #5 /var/www/html/inc/template.php(1679): p_wiki_xhtml()
  #6 /var/www/html/lib/tpl/arcadebasic/main.php(147): tpl_include_page()
  #7 /var/www/html/inc/actions.php(30): include('...')
  #8 /var/www/html/doku.php(131): act_dispatch()
  #9 {main}
2026-06-05 07:54:17	/var/www/html/lib/plugins/toctweak/syntax/sidetoc.php(73)	E_WARNING: Undefined variable $section
  #0 /var/www/html/lib/plugins/toctweak/syntax/sidetoc.php(73): dokuwiki\ErrorHandler::errorHandler()
  #1 /var/www/html/inc/parser/renderer.php(126): syntax_plugin_toctweak_sidetoc->render()
  #2 /var/www/html/inc/parserutils.php(691): Doku_Renderer->plugin()
  #3 /var/www/html/inc/parserutils.php(158): p_render()
  #4 /var/www/html/inc/parserutils.php(97): p_cached_output()
  #5 /var/www/html/inc/template.php(1679): p_wiki_xhtml()
  #6 /var/www/html/lib/tpl/arcadebasic/main.php(147): tpl_include_page()
  #7 /var/www/html/inc/actions.php(30): include('...')
  #8 /var/www/html/doku.php(131): act_dispatch()
  #9 {main}
2026-06-05 08:15:46	/var/www/html/lib/plugins/toctweak/syntax/sidetoc.php(73)	E_WARNING: Undefined variable $section
  #0 /var/www/html/lib/plugins/toctweak/syntax/sidetoc.php(73): dokuwiki\ErrorHandler::errorHandler()
  #1 /var/www/html/inc/parser/renderer.php(126): syntax_plugin_toctweak_sidetoc->render()
  #2 /var/www/html/inc/parserutils.php(691): Doku_Renderer->plugin()
  #3 /var/www/html/inc/parserutils.php(158): p_render()
  #4 /var/www/html/inc/parserutils.php(97): p_cached_output()
  #5 /var/www/html/inc/template.php(1679): p_wiki_xhtml()
  #6 /var/www/html/lib/tpl/arcadebasic/main.php(147): tpl_include_page()
  #7 /var/www/html/inc/actions.php(30): include('...')
  #8 /var/www/html/doku.php(131): act_dispatch()
  #9 {main}
2026-06-05 11:39:42	/var/www/html/lib/plugins/toctweak/syntax/sidetoc.php(73)	E_WARNING: Undefined variable $section
  #0 /var/www/html/lib/plugins/toctweak/syntax/sidetoc.php(73): dokuwiki\ErrorHandler::errorHandler()
  #1 /var/www/html/inc/parser/renderer.php(126): syntax_plugin_toctweak_sidetoc->render()
  #2 /var/www/html/inc/parserutils.php(691): Doku_Renderer->plugin()
  #3 /var/www/html/inc/parserutils.php(158): p_render()
  #4 /var/www/html/inc/parserutils.php(97): p_cached_output()
  #5 /var/www/html/inc/template.php(1679): p_wiki_xhtml()
  #6 /var/www/html/lib/tpl/arcadebasic/main.php(147): tpl_include_page()
  #7 /var/www/html/inc/actions.php(30): include('...')
  #8 /var/www/html/doku.php(131): act_dispatch()
  #9 {main}
2026-06-05 16:13:37	/var/www/html/lib/plugins/toctweak/syntax/sidetoc.php(73)	E_WARNING: Undefined variable $section
  #0 /var/www/html/lib/plugins/toctweak/syntax/sidetoc.php(73): dokuwiki\ErrorHandler::errorHandler()
  #1 /var/www/html/inc/parser/renderer.php(126): syntax_plugin_toctweak_sidetoc->render()
  #2 /var/www/html/inc/parserutils.php(691): Doku_Renderer->plugin()
  #3 /var/www/html/inc/parserutils.php(158): p_render()
  #4 /var/www/html/inc/parserutils.php(97): p_cached_output()
  #5 /var/www/html/inc/template.php(1679): p_wiki_xhtml()
  #6 /var/www/html/lib/tpl/arcadebasic/main.php(147): tpl_include_page()
  #7 /var/www/html/inc/actions.php(30): include('...')
  #8 /var/www/html/doku.php(131): act_dispatch()
  #9 {main}
2026-06-05 16:36:19	/var/www/html/inc/Extension/PluginController.php(110)	E_WARNING: Undefined array key "base"
  #0 /var/www/html/inc/Extension/PluginController.php(110): dokuwiki\ErrorHandler::errorHandler()
  #1 /var/www/html/inc/pluginutils.php(55): dokuwiki\Extension\PluginController->load()
  #2 /var/www/html/inc/parserutils.php(578): plugin_load()
  #3 /var/www/html/inc/parserutils.php(222): p_get_parsermodes()
  #4 /var/www/html/inc/parserutils.php(198): p_get_instructions()
  #5 /var/www/html/inc/parserutils.php(520): p_cached_instructions()
  #6 /var/www/html/inc/parserutils.php(299): p_render_metadata()
  #7 /var/www/html/inc/common.php(264): p_get_metadata()
  #8 /var/www/html/doku.php(101): pageinfo()
  #9 {main}
2026-06-05 16:36:19	/var/www/html/inc/Extension/PluginController.php(110)	E_WARNING: Undefined array key "base"
  #0 /var/www/html/inc/Extension/PluginController.php(110): dokuwiki\ErrorHandler::errorHandler()
  #1 /var/www/html/inc/pluginutils.php(55): dokuwiki\Extension\PluginController->load()
  #2 /var/www/html/inc/parserutils.php(578): plugin_load()
  #3 /var/www/html/inc/parserutils.php(222): p_get_parsermodes()
  #4 /var/www/html/inc/parserutils.php(198): p_get_instructions()
  #5 /var/www/html/inc/parserutils.php(520): p_cached_instructions()
  #6 /var/www/html/inc/parserutils.php(299): p_render_metadata()
  #7 /var/www/html/inc/common.php(264): p_get_metadata()
  #8 /var/www/html/doku.php(101): pageinfo()
  #9 {main}
2026-06-05 16:36:19	/var/www/html/lib/plugins/toctweak/helper.php(37)	E_WARNING: Undefined array key 1
  #0 /var/www/html/lib/plugins/toctweak/helper.php(37): dokuwiki\ErrorHandler::errorHandler()
  #1 /var/www/html/lib/plugins/toctweak/syntax/autotoc.php(51): helper_plugin_toctweak->parse()
  #2 /var/www/html/inc/parser/handler.php(298): syntax_plugin_toctweak_autotoc->handle()
  #3 /var/www/html/inc/Parsing/Lexer/Lexer.php(269): Doku_Handler->plugin()
  #4 /var/www/html/inc/Parsing/Lexer/Lexer.php(196): dokuwiki\Parsing\Lexer\Lexer->invokeHandler()
  #5 /var/www/html/inc/Parsing/Lexer/Lexer.php(146): dokuwiki\Parsing\Lexer\Lexer->dispatchTokens()
  #6 /var/www/html/inc/Parsing/Parser.php(113): dokuwiki\Parsing\Lexer\Lexer->parse()
  #7 /var/www/html/inc/parserutils.php(234): dokuwiki\Parsing\Parser->parse()
  #8 /var/www/html/inc/parserutils.php(198): p_get_instructions()
  #9 /var/www/html/inc/parserutils.php(520): p_cached_instructions()
  #10 /var/www/html/inc/parserutils.php(299): p_render_metadata()
  #11 /var/www/html/inc/common.php(264): p_get_metadata()
  #12 /var/www/html/doku.php(101): pageinfo()
  #13 {main}
2026-06-05 16:36:19	/var/www/html/lib/plugins/toctweak/helper.php(37)	E_WARNING: Undefined array key 1
  #0 /var/www/html/lib/plugins/toctweak/helper.php(37): dokuwiki\ErrorHandler::errorHandler()
  #1 /var/www/html/lib/plugins/toctweak/syntax/autotoc.php(51): helper_plugin_toctweak->parse()
  #2 /var/www/html/inc/parser/handler.php(298): syntax_plugin_toctweak_autotoc->handle()
  #3 /var/www/html/inc/Parsing/Lexer/Lexer.php(269): Doku_Handler->plugin()
  #4 /var/www/html/inc/Parsing/Lexer/Lexer.php(196): dokuwiki\Parsing\Lexer\Lexer->invokeHandler()
  #5 /var/www/html/inc/Parsing/Lexer/Lexer.php(146): dokuwiki\Parsing\Lexer\Lexer->dispatchTokens()
  #6 /var/www/html/inc/Parsing/Parser.php(113): dokuwiki\Parsing\Lexer\Lexer->parse()
  #7 /var/www/html/inc/parserutils.php(234): dokuwiki\Parsing\Parser->parse()
  #8 /var/www/html/inc/parserutils.php(198): p_get_instructions()
  #9 /var/www/html/inc/parserutils.php(520): p_cached_instructions()
  #10 /var/www/html/inc/parserutils.php(299): p_render_metadata()
  #11 /var/www/html/inc/common.php(264): p_get_metadata()
  #12 /var/www/html/doku.php(101): pageinfo()
  #13 {main}
2026-06-05 16:36:19	/var/www/html/lib/plugins/toctweak/helper.php(38)	E_WARNING: Undefined array key 1
  #0 /var/www/html/lib/plugins/toctweak/helper.php(38): dokuwiki\ErrorHandler::errorHandler()
  #1 /var/www/html/lib/plugins/toctweak/syntax/autotoc.php(51): helper_plugin_toctweak->parse()
  #2 /var/www/html/inc/parser/handler.php(298): syntax_plugin_toctweak_autotoc->handle()
  #3 /var/www/html/inc/Parsing/Lexer/Lexer.php(269): Doku_Handler->plugin()
  #4 /var/www/html/inc/Parsing/Lexer/Lexer.php(196): dokuwiki\Parsing\Lexer\Lexer->invokeHandler()
  #5 /var/www/html/inc/Parsing/Lexer/Lexer.php(146): dokuwiki\Parsing\Lexer\Lexer->dispatchTokens()
  #6 /var/www/html/inc/Parsing/Parser.php(113): dokuwiki\Parsing\Lexer\Lexer->parse()
  #7 /var/www/html/inc/parserutils.php(234): dokuwiki\Parsing\Parser->parse()
  #8 /var/www/html/inc/parserutils.php(198): p_get_instructions()
  #9 /var/www/html/inc/parserutils.php(520): p_cached_instructions()
  #10 /var/www/html/inc/parserutils.php(299): p_render_metadata()
  #11 /var/www/html/inc/common.php(264): p_get_metadata()
  #12 /var/www/html/doku.php(101): pageinfo()
  #13 {main}
2026-06-05 16:36:19	/var/www/html/lib/plugins/toctweak/helper.php(38)	E_WARNING: Undefined array key 1
  #0 /var/www/html/lib/plugins/toctweak/helper.php(38): dokuwiki\ErrorHandler::errorHandler()
  #1 /var/www/html/lib/plugins/toctweak/syntax/autotoc.php(51): helper_plugin_toctweak->parse()
  #2 /var/www/html/inc/parser/handler.php(298): syntax_plugin_toctweak_autotoc->handle()
  #3 /var/www/html/inc/Parsing/Lexer/Lexer.php(269): Doku_Handler->plugin()
  #4 /var/www/html/inc/Parsing/Lexer/Lexer.php(196): dokuwiki\Parsing\Lexer\Lexer->invokeHandler()
  #5 /var/www/html/inc/Parsing/Lexer/Lexer.php(146): dokuwiki\Parsing\Lexer\Lexer->dispatchTokens()
  #6 /var/www/html/inc/Parsing/Parser.php(113): dokuwiki\Parsing\Lexer\Lexer->parse()
  #7 /var/www/html/inc/parserutils.php(234): dokuwiki\Parsing\Parser->parse()
  #8 /var/www/html/inc/parserutils.php(198): p_get_instructions()
  #9 /var/www/html/inc/parserutils.php(520): p_cached_instructions()
  #10 /var/www/html/inc/parserutils.php(299): p_render_metadata()
  #11 /var/www/html/inc/common.php(264): p_get_metadata()
  #12 /var/www/html/doku.php(101): pageinfo()
  #13 {main}
2026-06-05 16:36:19	/var/www/html/lib/plugins/toctweak/helper.php(85)	E_WARNING: Undefined variable $topLv
  #0 /var/www/html/lib/plugins/toctweak/helper.php(85): dokuwiki\ErrorHandler::errorHandler()
  #1 /var/www/html/lib/plugins/toctweak/syntax/autotoc.php(51): helper_plugin_toctweak->parse()
  #2 /var/www/html/inc/parser/handler.php(298): syntax_plugin_toctweak_autotoc->handle()
  #3 /var/www/html/inc/Parsing/Lexer/Lexer.php(269): Doku_Handler->plugin()
  #4 /var/www/html/inc/Parsing/Lexer/Lexer.php(196): dokuwiki\Parsing\Lexer\Lexer->invokeHandler()
  #5 /var/www/html/inc/Parsing/Lexer/Lexer.php(146): dokuwiki\Parsing\Lexer\Lexer->dispatchTokens()
  #6 /var/www/html/inc/Parsing/Parser.php(113): dokuwiki\Parsing\Lexer\Lexer->parse()
  #7 /var/www/html/inc/parserutils.php(234): dokuwiki\Parsing\Parser->parse()
  #8 /var/www/html/inc/parserutils.php(198): p_get_instructions()
  #9 /var/www/html/inc/parserutils.php(520): p_cached_instructions()
  #10 /var/www/html/inc/parserutils.php(299): p_render_metadata()
  #11 /var/www/html/inc/common.php(264): p_get_metadata()
  #12 /var/www/html/doku.php(101): pageinfo()
  #13 {main}
2026-06-05 16:36:19	/var/www/html/lib/plugins/toctweak/helper.php(85)	E_WARNING: Undefined variable $maxLv
  #0 /var/www/html/lib/plugins/toctweak/helper.php(85): dokuwiki\ErrorHandler::errorHandler()
  #1 /var/www/html/lib/plugins/toctweak/syntax/autotoc.php(51): helper_plugin_toctweak->parse()
  #2 /var/www/html/inc/parser/handler.php(298): syntax_plugin_toctweak_autotoc->handle()
  #3 /var/www/html/inc/Parsing/Lexer/Lexer.php(269): Doku_Handler->plugin()
  #4 /var/www/html/inc/Parsing/Lexer/Lexer.php(196): dokuwiki\Parsing\Lexer\Lexer->invokeHandler()
  #5 /var/www/html/inc/Parsing/Lexer/Lexer.php(146): dokuwiki\Parsing\Lexer\Lexer->dispatchTokens()
  #6 /var/www/html/inc/Parsing/Parser.php(113): dokuwiki\Parsing\Lexer\Lexer->parse()
  #7 /var/www/html/inc/parserutils.php(234): dokuwiki\Parsing\Parser->parse()
  #8 /var/www/html/inc/parserutils.php(198): p_get_instructions()
  #9 /var/www/html/inc/parserutils.php(520): p_cached_instructions()
  #10 /var/www/html/inc/parserutils.php(299): p_render_metadata()
  #11 /var/www/html/inc/common.php(264): p_get_metadata()
  #12 /var/www/html/doku.php(101): pageinfo()
  #13 {main}
2026-06-05 16:36:19	/var/www/html/lib/plugins/toctweak/helper.php(85)	E_WARNING: Undefined variable $topLv
  #0 /var/www/html/lib/plugins/toctweak/helper.php(85): dokuwiki\ErrorHandler::errorHandler()
  #1 /var/www/html/lib/plugins/toctweak/syntax/autotoc.php(51): helper_plugin_toctweak->parse()
  #2 /var/www/html/inc/parser/handler.php(298): syntax_plugin_toctweak_autotoc->handle()
  #3 /var/www/html/inc/Parsing/Lexer/Lexer.php(269): Doku_Handler->plugin()
  #4 /var/www/html/inc/Parsing/Lexer/Lexer.php(196): dokuwiki\Parsing\Lexer\Lexer->invokeHandler()
  #5 /var/www/html/inc/Parsing/Lexer/Lexer.php(146): dokuwiki\Parsing\Lexer\Lexer->dispatchTokens()
  #6 /var/www/html/inc/Parsing/Parser.php(113): dokuwiki\Parsing\Lexer\Lexer->parse()
  #7 /var/www/html/inc/parserutils.php(234): dokuwiki\Parsing\Parser->parse()
  #8 /var/www/html/inc/parserutils.php(198): p_get_instructions()
  #9 /var/www/html/inc/parserutils.php(520): p_cached_instructions()
  #10 /var/www/html/inc/parserutils.php(299): p_render_metadata()
  #11 /var/www/html/inc/common.php(264): p_get_metadata()
  #12 /var/www/html/doku.php(101): pageinfo()
  #13 {main}
2026-06-05 16:36:19	/var/www/html/lib/plugins/toctweak/helper.php(85)	E_WARNING: Undefined variable $maxLv
  #0 /var/www/html/lib/plugins/toctweak/helper.php(85): dokuwiki\ErrorHandler::errorHandler()
  #1 /var/www/html/lib/plugins/toctweak/syntax/autotoc.php(51): helper_plugin_toctweak->parse()
  #2 /var/www/html/inc/parser/handler.php(298): syntax_plugin_toctweak_autotoc->handle()
  #3 /var/www/html/inc/Parsing/Lexer/Lexer.php(269): Doku_Handler->plugin()
  #4 /var/www/html/inc/Parsing/Lexer/Lexer.php(196): dokuwiki\Parsing\Lexer\Lexer->invokeHandler()
  #5 /var/www/html/inc/Parsing/Lexer/Lexer.php(146): dokuwiki\Parsing\Lexer\Lexer->dispatchTokens()
  #6 /var/www/html/inc/Parsing/Parser.php(113): dokuwiki\Parsing\Lexer\Lexer->parse()
  #7 /var/www/html/inc/parserutils.php(234): dokuwiki\Parsing\Parser->parse()
  #8 /var/www/html/inc/parserutils.php(198): p_get_instructions()
  #9 /var/www/html/inc/parserutils.php(520): p_cached_instructions()
  #10 /var/www/html/inc/parserutils.php(299): p_render_metadata()
  #11 /var/www/html/inc/common.php(264): p_get_metadata()
  #12 /var/www/html/doku.php(101): pageinfo()
  #13 {main}
2026-06-05 16:36:19	/var/www/html/lib/plugins/toctweak/helper.php(37)	E_WARNING: Undefined array key 1
  #0 /var/www/html/lib/plugins/toctweak/helper.php(37): dokuwiki\ErrorHandler::errorHandler()
  #1 /var/www/html/lib/plugins/toctweak/syntax/metatoc.php(52): helper_plugin_toctweak->parse()
  #2 /var/www/html/lib/plugins/toctweak/syntax/sidetoc.php(32): syntax_plugin_toctweak_metatoc->handle()
  #3 /var/www/html/inc/parser/handler.php(298): syntax_plugin_toctweak_sidetoc->handle()
  #4 /var/www/html/inc/Parsing/Lexer/Lexer.php(269): Doku_Handler->plugin()
  #5 /var/www/html/inc/Parsing/Lexer/Lexer.php(196): dokuwiki\Parsing\Lexer\Lexer->invokeHandler()
  #6 /var/www/html/inc/Parsing/Lexer/Lexer.php(146): dokuwiki\Parsing\Lexer\Lexer->dispatchTokens()
  #7 /var/www/html/inc/Parsing/Parser.php(113): dokuwiki\Parsing\Lexer\Lexer->parse()
  #8 /var/www/html/inc/parserutils.php(234): dokuwiki\Parsing\Parser->parse()
  #9 /var/www/html/inc/parserutils.php(198): p_get_instructions()
  #10 /var/www/html/inc/parserutils.php(520): p_cached_instructions()
  #11 /var/www/html/inc/parserutils.php(299): p_render_metadata()
  #12 /var/www/html/inc/Cache/CacheRenderer.php(79): p_get_metadata()
  #13 /var/www/html/inc/Cache/Cache.php(79): dokuwiki\Cache\CacheRenderer->addDependencies()
  #14 /var/www/html/inc/parserutils.php(152): dokuwiki\Cache\Cache->useCache()
  #15 /var/www/html/inc/parserutils.php(97): p_cached_output()
  #16 /var/www/html/inc/template.php(1679): p_wiki_xhtml()
  #17 /var/www/html/lib/tpl/arcadebasic/main.php(147): tpl_include_page()
  #18 /var/www/html/inc/actions.php(30): include('...')
  #19 /var/www/html/doku.php(131): act_dispatch()
  #20 {main}
2026-06-05 16:36:19	/var/www/html/lib/plugins/toctweak/helper.php(38)	E_WARNING: Undefined array key 1
  #0 /var/www/html/lib/plugins/toctweak/helper.php(38): dokuwiki\ErrorHandler::errorHandler()
  #1 /var/www/html/lib/plugins/toctweak/syntax/metatoc.php(52): helper_plugin_toctweak->parse()
  #2 /var/www/html/lib/plugins/toctweak/syntax/sidetoc.php(32): syntax_plugin_toctweak_metatoc->handle()
  #3 /var/www/html/inc/parser/handler.php(298): syntax_plugin_toctweak_sidetoc->handle()
  #4 /var/www/html/inc/Parsing/Lexer/Lexer.php(269): Doku_Handler->plugin()
  #5 /var/www/html/inc/Parsing/Lexer/Lexer.php(196): dokuwiki\Parsing\Lexer\Lexer->invokeHandler()
  #6 /var/www/html/inc/Parsing/Lexer/Lexer.php(146): dokuwiki\Parsing\Lexer\Lexer->dispatchTokens()
  #7 /var/www/html/inc/Parsing/Parser.php(113): dokuwiki\Parsing\Lexer\Lexer->parse()
  #8 /var/www/html/inc/parserutils.php(234): dokuwiki\Parsing\Parser->parse()
  #9 /var/www/html/inc/parserutils.php(198): p_get_instructions()
  #10 /var/www/html/inc/parserutils.php(520): p_cached_instructions()
  #11 /var/www/html/inc/parserutils.php(299): p_render_metadata()
  #12 /var/www/html/inc/Cache/CacheRenderer.php(79): p_get_metadata()
  #13 /var/www/html/inc/Cache/Cache.php(79): dokuwiki\Cache\CacheRenderer->addDependencies()
  #14 /var/www/html/inc/parserutils.php(152): dokuwiki\Cache\Cache->useCache()
  #15 /var/www/html/inc/parserutils.php(97): p_cached_output()
  #16 /var/www/html/inc/template.php(1679): p_wiki_xhtml()
  #17 /var/www/html/lib/tpl/arcadebasic/main.php(147): tpl_include_page()
  #18 /var/www/html/inc/actions.php(30): include('...')
  #19 /var/www/html/doku.php(131): act_dispatch()
  #20 {main}
2026-06-05 16:36:19	/var/www/html/lib/plugins/toctweak/helper.php(85)	E_WARNING: Undefined variable $topLv
  #0 /var/www/html/lib/plugins/toctweak/helper.php(85): dokuwiki\ErrorHandler::errorHandler()
  #1 /var/www/html/lib/plugins/toctweak/syntax/metatoc.php(52): helper_plugin_toctweak->parse()
  #2 /var/www/html/lib/plugins/toctweak/syntax/sidetoc.php(32): syntax_plugin_toctweak_metatoc->handle()
  #3 /var/www/html/inc/parser/handler.php(298): syntax_plugin_toctweak_sidetoc->handle()
  #4 /var/www/html/inc/Parsing/Lexer/Lexer.php(269): Doku_Handler->plugin()
  #5 /var/www/html/inc/Parsing/Lexer/Lexer.php(196): dokuwiki\Parsing\Lexer\Lexer->invokeHandler()
  #6 /var/www/html/inc/Parsing/Lexer/Lexer.php(146): dokuwiki\Parsing\Lexer\Lexer->dispatchTokens()
  #7 /var/www/html/inc/Parsing/Parser.php(113): dokuwiki\Parsing\Lexer\Lexer->parse()
  #8 /var/www/html/inc/parserutils.php(234): dokuwiki\Parsing\Parser->parse()
  #9 /var/www/html/inc/parserutils.php(198): p_get_instructions()
  #10 /var/www/html/inc/parserutils.php(520): p_cached_instructions()
  #11 /var/www/html/inc/parserutils.php(299): p_render_metadata()
  #12 /var/www/html/inc/Cache/CacheRenderer.php(79): p_get_metadata()
  #13 /var/www/html/inc/Cache/Cache.php(79): dokuwiki\Cache\CacheRenderer->addDependencies()
  #14 /var/www/html/inc/parserutils.php(152): dokuwiki\Cache\Cache->useCache()
  #15 /var/www/html/inc/parserutils.php(97): p_cached_output()
  #16 /var/www/html/inc/template.php(1679): p_wiki_xhtml()
  #17 /var/www/html/lib/tpl/arcadebasic/main.php(147): tpl_include_page()
  #18 /var/www/html/inc/actions.php(30): include('...')
  #19 /var/www/html/doku.php(131): act_dispatch()
  #20 {main}
2026-06-05 16:36:19	/var/www/html/lib/plugins/toctweak/helper.php(85)	E_WARNING: Undefined variable $maxLv
  #0 /var/www/html/lib/plugins/toctweak/helper.php(85): dokuwiki\ErrorHandler::errorHandler()
  #1 /var/www/html/lib/plugins/toctweak/syntax/metatoc.php(52): helper_plugin_toctweak->parse()
  #2 /var/www/html/lib/plugins/toctweak/syntax/sidetoc.php(32): syntax_plugin_toctweak_metatoc->handle()
  #3 /var/www/html/inc/parser/handler.php(298): syntax_plugin_toctweak_sidetoc->handle()
  #4 /var/www/html/inc/Parsing/Lexer/Lexer.php(269): Doku_Handler->plugin()
  #5 /var/www/html/inc/Parsing/Lexer/Lexer.php(196): dokuwiki\Parsing\Lexer\Lexer->invokeHandler()
  #6 /var/www/html/inc/Parsing/Lexer/Lexer.php(146): dokuwiki\Parsing\Lexer\Lexer->dispatchTokens()
  #7 /var/www/html/inc/Parsing/Parser.php(113): dokuwiki\Parsing\Lexer\Lexer->parse()
  #8 /var/www/html/inc/parserutils.php(234): dokuwiki\Parsing\Parser->parse()
  #9 /var/www/html/inc/parserutils.php(198): p_get_instructions()
  #10 /var/www/html/inc/parserutils.php(520): p_cached_instructions()
  #11 /var/www/html/inc/parserutils.php(299): p_render_metadata()
  #12 /var/www/html/inc/Cache/CacheRenderer.php(79): p_get_metadata()
  #13 /var/www/html/inc/Cache/Cache.php(79): dokuwiki\Cache\CacheRenderer->addDependencies()
  #14 /var/www/html/inc/parserutils.php(152): dokuwiki\Cache\Cache->useCache()
  #15 /var/www/html/inc/parserutils.php(97): p_cached_output()
  #16 /var/www/html/inc/template.php(1679): p_wiki_xhtml()
  #17 /var/www/html/lib/tpl/arcadebasic/main.php(147): tpl_include_page()
  #18 /var/www/html/inc/actions.php(30): include('...')
  #19 /var/www/html/doku.php(131): act_dispatch()
  #20 {main}
2026-06-05 16:36:19	/var/www/html/lib/plugins/toctweak/syntax/sidetoc.php(73)	E_WARNING: Undefined variable $section
  #0 /var/www/html/lib/plugins/toctweak/syntax/sidetoc.php(73): dokuwiki\ErrorHandler::errorHandler()
  #1 /var/www/html/inc/parser/renderer.php(126): syntax_plugin_toctweak_sidetoc->render()
  #2 /var/www/html/inc/parserutils.php(691): Doku_Renderer->plugin()
  #3 /var/www/html/inc/parserutils.php(158): p_render()
  #4 /var/www/html/inc/parserutils.php(97): p_cached_output()
  #5 /var/www/html/inc/template.php(1679): p_wiki_xhtml()
  #6 /var/www/html/lib/tpl/arcadebasic/main.php(147): tpl_include_page()
  #7 /var/www/html/inc/actions.php(30): include('...')
  #8 /var/www/html/doku.php(131): act_dispatch()
  #9 {main}
2026-06-05 16:36:19	/var/www/html/lib/plugins/toctweak/helper.php(37)	E_WARNING: Undefined array key 1
  #0 /var/www/html/lib/plugins/toctweak/helper.php(37): dokuwiki\ErrorHandler::errorHandler()
  #1 /var/www/html/lib/plugins/toctweak/syntax/metatoc.php(52): helper_plugin_toctweak->parse()
  #2 /var/www/html/lib/plugins/toctweak/syntax/sidetoc.php(32): syntax_plugin_toctweak_metatoc->handle()
  #3 /var/www/html/inc/parser/handler.php(298): syntax_plugin_toctweak_sidetoc->handle()
  #4 /var/www/html/inc/Parsing/Lexer/Lexer.php(269): Doku_Handler->plugin()
  #5 /var/www/html/inc/Parsing/Lexer/Lexer.php(196): dokuwiki\Parsing\Lexer\Lexer->invokeHandler()
  #6 /var/www/html/inc/Parsing/Lexer/Lexer.php(146): dokuwiki\Parsing\Lexer\Lexer->dispatchTokens()
  #7 /var/www/html/inc/Parsing/Parser.php(113): dokuwiki\Parsing\Lexer\Lexer->parse()
  #8 /var/www/html/inc/parserutils.php(234): dokuwiki\Parsing\Parser->parse()
  #9 /var/www/html/inc/parserutils.php(198): p_get_instructions()
  #10 /var/www/html/inc/parserutils.php(520): p_cached_instructions()
  #11 /var/www/html/inc/parserutils.php(299): p_render_metadata()
  #12 /var/www/html/inc/Cache/CacheRenderer.php(79): p_get_metadata()
  #13 /var/www/html/inc/Cache/Cache.php(79): dokuwiki\Cache\CacheRenderer->addDependencies()
  #14 /var/www/html/inc/parserutils.php(152): dokuwiki\Cache\Cache->useCache()
  #15 /var/www/html/inc/parserutils.php(97): p_cached_output()
  #16 /var/www/html/inc/template.php(1679): p_wiki_xhtml()
  #17 /var/www/html/lib/tpl/arcadebasic/main.php(147): tpl_include_page()
  #18 /var/www/html/inc/actions.php(30): include('...')
  #19 /var/www/html/doku.php(131): act_dispatch()
  #20 {main}
2026-06-05 16:36:19	/var/www/html/lib/plugins/toctweak/helper.php(38)	E_WARNING: Undefined array key 1
  #0 /var/www/html/lib/plugins/toctweak/helper.php(38): dokuwiki\ErrorHandler::errorHandler()
  #1 /var/www/html/lib/plugins/toctweak/syntax/metatoc.php(52): helper_plugin_toctweak->parse()
  #2 /var/www/html/lib/plugins/toctweak/syntax/sidetoc.php(32): syntax_plugin_toctweak_metatoc->handle()
  #3 /var/www/html/inc/parser/handler.php(298): syntax_plugin_toctweak_sidetoc->handle()
  #4 /var/www/html/inc/Parsing/Lexer/Lexer.php(269): Doku_Handler->plugin()
  #5 /var/www/html/inc/Parsing/Lexer/Lexer.php(196): dokuwiki\Parsing\Lexer\Lexer->invokeHandler()
  #6 /var/www/html/inc/Parsing/Lexer/Lexer.php(146): dokuwiki\Parsing\Lexer\Lexer->dispatchTokens()
  #7 /var/www/html/inc/Parsing/Parser.php(113): dokuwiki\Parsing\Lexer\Lexer->parse()
  #8 /var/www/html/inc/parserutils.php(234): dokuwiki\Parsing\Parser->parse()
  #9 /var/www/html/inc/parserutils.php(198): p_get_instructions()
  #10 /var/www/html/inc/parserutils.php(520): p_cached_instructions()
  #11 /var/www/html/inc/parserutils.php(299): p_render_metadata()
  #12 /var/www/html/inc/Cache/CacheRenderer.php(79): p_get_metadata()
  #13 /var/www/html/inc/Cache/Cache.php(79): dokuwiki\Cache\CacheRenderer->addDependencies()
  #14 /var/www/html/inc/parserutils.php(152): dokuwiki\Cache\Cache->useCache()
  #15 /var/www/html/inc/parserutils.php(97): p_cached_output()
  #16 /var/www/html/inc/template.php(1679): p_wiki_xhtml()
  #17 /var/www/html/lib/tpl/arcadebasic/main.php(147): tpl_include_page()
  #18 /var/www/html/inc/actions.php(30): include('...')
  #19 /var/www/html/doku.php(131): act_dispatch()
  #20 {main}
2026-06-05 16:36:19	/var/www/html/lib/plugins/toctweak/helper.php(85)	E_WARNING: Undefined variable $topLv
  #0 /var/www/html/lib/plugins/toctweak/helper.php(85): dokuwiki\ErrorHandler::errorHandler()
  #1 /var/www/html/lib/plugins/toctweak/syntax/metatoc.php(52): helper_plugin_toctweak->parse()
  #2 /var/www/html/lib/plugins/toctweak/syntax/sidetoc.php(32): syntax_plugin_toctweak_metatoc->handle()
  #3 /var/www/html/inc/parser/handler.php(298): syntax_plugin_toctweak_sidetoc->handle()
  #4 /var/www/html/inc/Parsing/Lexer/Lexer.php(269): Doku_Handler->plugin()
  #5 /var/www/html/inc/Parsing/Lexer/Lexer.php(196): dokuwiki\Parsing\Lexer\Lexer->invokeHandler()
  #6 /var/www/html/inc/Parsing/Lexer/Lexer.php(146): dokuwiki\Parsing\Lexer\Lexer->dispatchTokens()
  #7 /var/www/html/inc/Parsing/Parser.php(113): dokuwiki\Parsing\Lexer\Lexer->parse()
  #8 /var/www/html/inc/parserutils.php(234): dokuwiki\Parsing\Parser->parse()
  #9 /var/www/html/inc/parserutils.php(198): p_get_instructions()
  #10 /var/www/html/inc/parserutils.php(520): p_cached_instructions()
  #11 /var/www/html/inc/parserutils.php(299): p_render_metadata()
  #12 /var/www/html/inc/Cache/CacheRenderer.php(79): p_get_metadata()
  #13 /var/www/html/inc/Cache/Cache.php(79): dokuwiki\Cache\CacheRenderer->addDependencies()
  #14 /var/www/html/inc/parserutils.php(152): dokuwiki\Cache\Cache->useCache()
  #15 /var/www/html/inc/parserutils.php(97): p_cached_output()
  #16 /var/www/html/inc/template.php(1679): p_wiki_xhtml()
  #17 /var/www/html/lib/tpl/arcadebasic/main.php(147): tpl_include_page()
  #18 /var/www/html/inc/actions.php(30): include('...')
  #19 /var/www/html/doku.php(131): act_dispatch()
  #20 {main}
2026-06-05 16:36:19	/var/www/html/lib/plugins/toctweak/helper.php(85)	E_WARNING: Undefined variable $maxLv
  #0 /var/www/html/lib/plugins/toctweak/helper.php(85): dokuwiki\ErrorHandler::errorHandler()
  #1 /var/www/html/lib/plugins/toctweak/syntax/metatoc.php(52): helper_plugin_toctweak->parse()
  #2 /var/www/html/lib/plugins/toctweak/syntax/sidetoc.php(32): syntax_plugin_toctweak_metatoc->handle()
  #3 /var/www/html/inc/parser/handler.php(298): syntax_plugin_toctweak_sidetoc->handle()
  #4 /var/www/html/inc/Parsing/Lexer/Lexer.php(269): Doku_Handler->plugin()
  #5 /var/www/html/inc/Parsing/Lexer/Lexer.php(196): dokuwiki\Parsing\Lexer\Lexer->invokeHandler()
  #6 /var/www/html/inc/Parsing/Lexer/Lexer.php(146): dokuwiki\Parsing\Lexer\Lexer->dispatchTokens()
  #7 /var/www/html/inc/Parsing/Parser.php(113): dokuwiki\Parsing\Lexer\Lexer->parse()
  #8 /var/www/html/inc/parserutils.php(234): dokuwiki\Parsing\Parser->parse()
  #9 /var/www/html/inc/parserutils.php(198): p_get_instructions()
  #10 /var/www/html/inc/parserutils.php(520): p_cached_instructions()
  #11 /var/www/html/inc/parserutils.php(299): p_render_metadata()
  #12 /var/www/html/inc/Cache/CacheRenderer.php(79): p_get_metadata()
  #13 /var/www/html/inc/Cache/Cache.php(79): dokuwiki\Cache\CacheRenderer->addDependencies()
  #14 /var/www/html/inc/parserutils.php(152): dokuwiki\Cache\Cache->useCache()
  #15 /var/www/html/inc/parserutils.php(97): p_cached_output()
  #16 /var/www/html/inc/template.php(1679): p_wiki_xhtml()
  #17 /var/www/html/lib/tpl/arcadebasic/main.php(147): tpl_include_page()
  #18 /var/www/html/inc/actions.php(30): include('...')
  #19 /var/www/html/doku.php(131): act_dispatch()
  #20 {main}
2026-06-05 16:36:19	/var/www/html/lib/plugins/toctweak/syntax/sidetoc.php(73)	E_WARNING: Undefined variable $section
  #0 /var/www/html/lib/plugins/toctweak/syntax/sidetoc.php(73): dokuwiki\ErrorHandler::errorHandler()
  #1 /var/www/html/inc/parser/renderer.php(126): syntax_plugin_toctweak_sidetoc->render()
  #2 /var/www/html/inc/parserutils.php(691): Doku_Renderer->plugin()
  #3 /var/www/html/inc/parserutils.php(158): p_render()
  #4 /var/www/html/inc/parserutils.php(97): p_cached_output()
  #5 /var/www/html/inc/template.php(1679): p_wiki_xhtml()
  #6 /var/www/html/lib/tpl/arcadebasic/main.php(147): tpl_include_page()
  #7 /var/www/html/inc/actions.php(30): include('...')
  #8 /var/www/html/doku.php(131): act_dispatch()
  #9 {main}
2026-06-05 16:36:19	/var/www/html/lib/plugins/toctweak/syntax/sidetoc.php(73)	E_WARNING: Undefined variable $section
  #0 /var/www/html/lib/plugins/toctweak/syntax/sidetoc.php(73): dokuwiki\ErrorHandler::errorHandler()
  #1 /var/www/html/inc/parser/renderer.php(126): syntax_plugin_toctweak_sidetoc->render()
  #2 /var/www/html/inc/parserutils.php(691): Doku_Renderer->plugin()
  #3 /var/www/html/inc/parserutils.php(158): p_render()
  #4 /var/www/html/inc/parserutils.php(97): p_cached_output()
  #5 /var/www/html/inc/template.php(1679): p_wiki_xhtml()
  #6 /var/www/html/lib/tpl/arcadebasic/main.php(147): tpl_include_page()
  #7 /var/www/html/inc/actions.php(30): include('...')
  #8 /var/www/html/doku.php(131): act_dispatch()
  #9 {main}
2026-06-05 17:17:30	/var/www/html/lib/plugins/toctweak/syntax/sidetoc.php(73)	E_WARNING: Undefined variable $section
  #0 /var/www/html/lib/plugins/toctweak/syntax/sidetoc.php(73): dokuwiki\ErrorHandler::errorHandler()
  #1 /var/www/html/inc/parser/renderer.php(126): syntax_plugin_toctweak_sidetoc->render()
  #2 /var/www/html/inc/parserutils.php(691): Doku_Renderer->plugin()
  #3 /var/www/html/inc/parserutils.php(158): p_render()
  #4 /var/www/html/inc/parserutils.php(97): p_cached_output()
  #5 /var/www/html/inc/template.php(1679): p_wiki_xhtml()
  #6 /var/www/html/lib/tpl/arcadebasic/main.php(147): tpl_include_page()
  #7 /var/www/html/inc/actions.php(30): include('...')
  #8 /var/www/html/doku.php(131): act_dispatch()
  #9 {main}
2026-06-05 17:34:54	/var/www/html/lib/plugins/toctweak/syntax/sidetoc.php(73)	E_WARNING: Undefined variable $section
  #0 /var/www/html/lib/plugins/toctweak/syntax/sidetoc.php(73): dokuwiki\ErrorHandler::errorHandler()
  #1 /var/www/html/inc/parser/renderer.php(126): syntax_plugin_toctweak_sidetoc->render()
  #2 /var/www/html/inc/parserutils.php(691): Doku_Renderer->plugin()
  #3 /var/www/html/inc/parserutils.php(158): p_render()
  #4 /var/www/html/inc/parserutils.php(97): p_cached_output()
  #5 /var/www/html/inc/template.php(1679): p_wiki_xhtml()
  #6 /var/www/html/lib/tpl/arcadebasic/main.php(147): tpl_include_page()
  #7 /var/www/html/inc/actions.php(30): include('...')
  #8 /var/www/html/doku.php(131): act_dispatch()
  #9 {main}
2026-06-05 17:46:49	/var/www/html/lib/plugins/toctweak/syntax/sidetoc.php(73)	E_WARNING: Undefined variable $section
  #0 /var/www/html/lib/plugins/toctweak/syntax/sidetoc.php(73): dokuwiki\ErrorHandler::errorHandler()
  #1 /var/www/html/inc/parser/renderer.php(126): syntax_plugin_toctweak_sidetoc->render()
  #2 /var/www/html/inc/parserutils.php(691): Doku_Renderer->plugin()
  #3 /var/www/html/inc/parserutils.php(158): p_render()
  #4 /var/www/html/inc/parserutils.php(97): p_cached_output()
  #5 /var/www/html/inc/template.php(1679): p_wiki_xhtml()
  #6 /var/www/html/lib/tpl/arcadebasic/main.php(147): tpl_include_page()
  #7 /var/www/html/inc/actions.php(30): include('...')
  #8 /var/www/html/doku.php(131): act_dispatch()
  #9 {main}
2026-06-05 18:03:39	/var/www/html/lib/plugins/toctweak/syntax/sidetoc.php(73)	E_WARNING: Undefined variable $section
  #0 /var/www/html/lib/plugins/toctweak/syntax/sidetoc.php(73): dokuwiki\ErrorHandler::errorHandler()
  #1 /var/www/html/inc/parser/renderer.php(126): syntax_plugin_toctweak_sidetoc->render()
  #2 /var/www/html/inc/parserutils.php(691): Doku_Renderer->plugin()
  #3 /var/www/html/inc/parserutils.php(158): p_render()
  #4 /var/www/html/inc/parserutils.php(97): p_cached_output()
  #5 /var/www/html/inc/template.php(1679): p_wiki_xhtml()
  #6 /var/www/html/lib/tpl/arcadebasic/main.php(147): tpl_include_page()
  #7 /var/www/html/inc/actions.php(30): include('...')
  #8 /var/www/html/doku.php(131): act_dispatch()
  #9 {main}
2026-06-05 18:44:44	/var/www/html/lib/plugins/toctweak/syntax/sidetoc.php(73)	E_WARNING: Undefined variable $section
  #0 /var/www/html/lib/plugins/toctweak/syntax/sidetoc.php(73): dokuwiki\ErrorHandler::errorHandler()
  #1 /var/www/html/inc/parser/renderer.php(126): syntax_plugin_toctweak_sidetoc->render()
  #2 /var/www/html/inc/parserutils.php(691): Doku_Renderer->plugin()
  #3 /var/www/html/inc/parserutils.php(158): p_render()
  #4 /var/www/html/inc/parserutils.php(97): p_cached_output()
  #5 /var/www/html/inc/template.php(1679): p_wiki_xhtml()
  #6 /var/www/html/lib/tpl/arcadebasic/main.php(147): tpl_include_page()
  #7 /var/www/html/inc/actions.php(30): include('...')
  #8 /var/www/html/doku.php(131): act_dispatch()
  #9 {main}
2026-06-05 19:54:10	/var/www/html/lib/plugins/toctweak/syntax/sidetoc.php(73)	E_WARNING: Undefined variable $section
  #0 /var/www/html/lib/plugins/toctweak/syntax/sidetoc.php(73): dokuwiki\ErrorHandler::errorHandler()
  #1 /var/www/html/inc/parser/renderer.php(126): syntax_plugin_toctweak_sidetoc->render()
  #2 /var/www/html/inc/parserutils.php(691): Doku_Renderer->plugin()
  #3 /var/www/html/inc/parserutils.php(158): p_render()
  #4 /var/www/html/inc/parserutils.php(97): p_cached_output()
  #5 /var/www/html/inc/template.php(1679): p_wiki_xhtml()
  #6 /var/www/html/lib/tpl/arcadebasic/main.php(147): tpl_include_page()
  #7 /var/www/html/inc/actions.php(30): include('...')
  #8 /var/www/html/doku.php(131): act_dispatch()
  #9 {main}
2026-06-05 20:34:21	/var/www/html/lib/plugins/toctweak/syntax/sidetoc.php(73)	E_WARNING: Undefined variable $section
  #0 /var/www/html/lib/plugins/toctweak/syntax/sidetoc.php(73): dokuwiki\ErrorHandler::errorHandler()
  #1 /var/www/html/inc/parser/renderer.php(126): syntax_plugin_toctweak_sidetoc->render()
  #2 /var/www/html/inc/parserutils.php(691): Doku_Renderer->plugin()
  #3 /var/www/html/inc/parserutils.php(158): p_render()
  #4 /var/www/html/inc/parserutils.php(97): p_cached_output()
  #5 /var/www/html/inc/template.php(1679): p_wiki_xhtml()
  #6 /var/www/html/lib/tpl/arcadebasic/main.php(147): tpl_include_page()
  #7 /var/www/html/inc/actions.php(30): include('...')
  #8 /var/www/html/doku.php(131): act_dispatch()
  #9 {main}
2026-06-05 20:48:21	/var/www/html/lib/plugins/toctweak/syntax/sidetoc.php(73)	E_WARNING: Undefined variable $section
  #0 /var/www/html/lib/plugins/toctweak/syntax/sidetoc.php(73): dokuwiki\ErrorHandler::errorHandler()
  #1 /var/www/html/inc/parser/renderer.php(126): syntax_plugin_toctweak_sidetoc->render()
  #2 /var/www/html/inc/parserutils.php(691): Doku_Renderer->plugin()
  #3 /var/www/html/inc/parserutils.php(158): p_render()
  #4 /var/www/html/inc/parserutils.php(97): p_cached_output()
  #5 /var/www/html/inc/template.php(1679): p_wiki_xhtml()
  #6 /var/www/html/lib/tpl/arcadebasic/main.php(147): tpl_include_page()
  #7 /var/www/html/inc/actions.php(30): include('...')
  #8 /var/www/html/doku.php(131): act_dispatch()
  #9 {main}
2026-06-05 20:48:22	/var/www/html/inc/JpegMeta.php(3183)	E_WARNING: JPEGMeta failed parsing image metadata of /var/www/html/data/media/wiki/art2.jpg. Got 0 instead of 29 bytes at offset 0.
  #0 /var/www/html/inc/JpegMeta.php(1574): JpegMeta->_getFixedString()
  #1 /var/www/html/inc/JpegMeta.php(345): JpegMeta->_parseMarkerXmp()
  #2 /var/www/html/inc/JpegMeta.php(152): JpegMeta->getXmpField()
  #3 /var/www/html/inc/JpegMeta.php(612): JpegMeta->getField()
  #4 /var/www/html/inc/JpegMeta.php(162): JpegMeta->getTitle()
  #5 /var/www/html/lib/plugins/gallery/classes/Image.php(42): JpegMeta->getField()
  #6 /var/www/html/lib/plugins/gallery/classes/ListGallery.php(29): dokuwiki\plugin\gallery\classes\Image->__construct()
  #7 /var/www/html/lib/plugins/gallery/syntax/main.php(86): dokuwiki\plugin\gallery\classes\ListGallery->__construct()
  #8 /var/www/html/inc/parser/renderer.php(126): syntax_plugin_gallery_main->render()
  #9 /var/www/html/inc/parserutils.php(535): Doku_Renderer->plugin()
  #10 /var/www/html/inc/parserutils.php(299): p_render_metadata()
  #11 /var/www/html/inc/Feed/FeedPageProcessor.php(176): p_get_metadata()
  #12 /var/www/html/inc/Feed/FeedPageProcessor.php(98): dokuwiki\Feed\FeedPageProcessor->getMetaData()
  #13 /var/www/html/inc/Feed/FeedPageProcessor.php(75): dokuwiki\Feed\FeedPageProcessor->getAbstract()
  #14 /var/www/html/inc/Feed/FeedCreator.php(97): dokuwiki\Feed\FeedPageProcessor->getBody()
  #15 /var/www/html/inc/Feed/FeedCreator.php(61): dokuwiki\Feed\FeedCreator->createAndAddItem()
  #16 /var/www/html/feed.php(68): dokuwiki\Feed\FeedCreator->build()
  #17 {main}
2026-06-05 20:48:22	/var/www/html/inc/JpegMeta.php(3183)	E_WARNING: JPEGMeta failed parsing image metadata of /var/www/html/data/media/wiki/art3.jpg. Got 0 instead of 29 bytes at offset 0.
  #0 /var/www/html/inc/JpegMeta.php(1574): JpegMeta->_getFixedString()
  #1 /var/www/html/inc/JpegMeta.php(345): JpegMeta->_parseMarkerXmp()
  #2 /var/www/html/inc/JpegMeta.php(152): JpegMeta->getXmpField()
  #3 /var/www/html/inc/JpegMeta.php(612): JpegMeta->getField()
  #4 /var/www/html/inc/JpegMeta.php(162): JpegMeta->getTitle()
  #5 /var/www/html/lib/plugins/gallery/classes/Image.php(42): JpegMeta->getField()
  #6 /var/www/html/lib/plugins/gallery/classes/ListGallery.php(29): dokuwiki\plugin\gallery\classes\Image->__construct()
  #7 /var/www/html/lib/plugins/gallery/syntax/main.php(86): dokuwiki\plugin\gallery\classes\ListGallery->__construct()
  #8 /var/www/html/inc/parser/renderer.php(126): syntax_plugin_gallery_main->render()
  #9 /var/www/html/inc/parserutils.php(535): Doku_Renderer->plugin()
  #10 /var/www/html/inc/parserutils.php(299): p_render_metadata()
  #11 /var/www/html/inc/Feed/FeedPageProcessor.php(176): p_get_metadata()
  #12 /var/www/html/inc/Feed/FeedPageProcessor.php(98): dokuwiki\Feed\FeedPageProcessor->getMetaData()
  #13 /var/www/html/inc/Feed/FeedPageProcessor.php(75): dokuwiki\Feed\FeedPageProcessor->getAbstract()
  #14 /var/www/html/inc/Feed/FeedCreator.php(97): dokuwiki\Feed\FeedPageProcessor->getBody()
  #15 /var/www/html/inc/Feed/FeedCreator.php(61): dokuwiki\Feed\FeedCreator->createAndAddItem()
  #16 /var/www/html/feed.php(68): dokuwiki\Feed\FeedCreator->build()
  #17 {main}
2026-06-05 20:48:22	/var/www/html/inc/JpegMeta.php(3183)	E_WARNING: JPEGMeta failed parsing image metadata of /var/www/html/data/media/wiki/art4.jpg. Got 0 instead of 29 bytes at offset 0.
  #0 /var/www/html/inc/JpegMeta.php(1574): JpegMeta->_getFixedString()
  #1 /var/www/html/inc/JpegMeta.php(345): JpegMeta->_parseMarkerXmp()
  #2 /var/www/html/inc/JpegMeta.php(152): JpegMeta->getXmpField()
  #3 /var/www/html/inc/JpegMeta.php(612): JpegMeta->getField()
  #4 /var/www/html/inc/JpegMeta.php(162): JpegMeta->getTitle()
  #5 /var/www/html/lib/plugins/gallery/classes/Image.php(42): JpegMeta->getField()
  #6 /var/www/html/lib/plugins/gallery/classes/ListGallery.php(29): dokuwiki\plugin\gallery\classes\Image->__construct()
  #7 /var/www/html/lib/plugins/gallery/syntax/main.php(86): dokuwiki\plugin\gallery\classes\ListGallery->__construct()
  #8 /var/www/html/inc/parser/renderer.php(126): syntax_plugin_gallery_main->render()
  #9 /var/www/html/inc/parserutils.php(535): Doku_Renderer->plugin()
  #10 /var/www/html/inc/parserutils.php(299): p_render_metadata()
  #11 /var/www/html/inc/Feed/FeedPageProcessor.php(176): p_get_metadata()
  #12 /var/www/html/inc/Feed/FeedPageProcessor.php(98): dokuwiki\Feed\FeedPageProcessor->getMetaData()
  #13 /var/www/html/inc/Feed/FeedPageProcessor.php(75): dokuwiki\Feed\FeedPageProcessor->getAbstract()
  #14 /var/www/html/inc/Feed/FeedCreator.php(97): dokuwiki\Feed\FeedPageProcessor->getBody()
  #15 /var/www/html/inc/Feed/FeedCreator.php(61): dokuwiki\Feed\FeedCreator->createAndAddItem()
  #16 /var/www/html/feed.php(68): dokuwiki\Feed\FeedCreator->build()
  #17 {main}
2026-06-05 20:48:22	/var/www/html/inc/parser/metadata.php(620)	E_WARNING: Array to string conversion
  #0 /var/www/html/inc/parser/metadata.php(620): dokuwiki\ErrorHandler::errorHandler()
  #1 /var/www/html/lib/plugins/gallery/classes/BasicFormatter.php(68): Doku_Renderer_metadata->internalmedia()
  #2 /var/www/html/lib/plugins/gallery/classes/BasicFormatter.php(41): dokuwiki\plugin\gallery\classes\BasicFormatter->renderImage()
  #3 /var/www/html/lib/plugins/gallery/syntax/main.php(99): dokuwiki\plugin\gallery\classes\BasicFormatter->render()
  #4 /var/www/html/inc/parser/renderer.php(126): syntax_plugin_gallery_main->render()
  #5 /var/www/html/inc/parserutils.php(535): Doku_Renderer->plugin()
  #6 /var/www/html/inc/parserutils.php(299): p_render_metadata()
  #7 /var/www/html/inc/Feed/FeedPageProcessor.php(176): p_get_metadata()
  #8 /var/www/html/inc/Feed/FeedPageProcessor.php(98): dokuwiki\Feed\FeedPageProcessor->getMetaData()
  #9 /var/www/html/inc/Feed/FeedPageProcessor.php(75): dokuwiki\Feed\FeedPageProcessor->getAbstract()
  #10 /var/www/html/inc/Feed/FeedCreator.php(97): dokuwiki\Feed\FeedPageProcessor->getBody()
  #11 /var/www/html/inc/Feed/FeedCreator.php(61): dokuwiki\Feed\FeedCreator->createAndAddItem()
  #12 /var/www/html/feed.php(68): dokuwiki\Feed\FeedCreator->build()
  #13 {main}
2026-06-05 20:48:22	/var/www/html/inc/parser/metadata.php(620)	E_WARNING: Array to string conversion
  #0 /var/www/html/inc/parser/metadata.php(620): dokuwiki\ErrorHandler::errorHandler()
  #1 /var/www/html/lib/plugins/gallery/classes/BasicFormatter.php(68): Doku_Renderer_metadata->internalmedia()
  #2 /var/www/html/lib/plugins/gallery/classes/BasicFormatter.php(41): dokuwiki\plugin\gallery\classes\BasicFormatter->renderImage()
  #3 /var/www/html/lib/plugins/gallery/syntax/main.php(99): dokuwiki\plugin\gallery\classes\BasicFormatter->render()
  #4 /var/www/html/inc/parser/renderer.php(126): syntax_plugin_gallery_main->render()
  #5 /var/www/html/inc/parserutils.php(535): Doku_Renderer->plugin()
  #6 /var/www/html/inc/parserutils.php(299): p_render_metadata()
  #7 /var/www/html/inc/Feed/FeedPageProcessor.php(176): p_get_metadata()
  #8 /var/www/html/inc/Feed/FeedPageProcessor.php(98): dokuwiki\Feed\FeedPageProcessor->getMetaData()
  #9 /var/www/html/inc/Feed/FeedPageProcessor.php(75): dokuwiki\Feed\FeedPageProcessor->getAbstract()
  #10 /var/www/html/inc/Feed/FeedCreator.php(97): dokuwiki\Feed\FeedPageProcessor->getBody()
  #11 /var/www/html/inc/Feed/FeedCreator.php(61): dokuwiki\Feed\FeedCreator->createAndAddItem()
  #12 /var/www/html/feed.php(68): dokuwiki\Feed\FeedCreator->build()
  #13 {main}
2026-06-05 20:48:22	/var/www/html/inc/parser/metadata.php(620)	E_WARNING: Array to string conversion
  #0 /var/www/html/inc/parser/metadata.php(620): dokuwiki\ErrorHandler::errorHandler()
  #1 /var/www/html/lib/plugins/gallery/classes/BasicFormatter.php(68): Doku_Renderer_metadata->internalmedia()
  #2 /var/www/html/lib/plugins/gallery/classes/BasicFormatter.php(41): dokuwiki\plugin\gallery\classes\BasicFormatter->renderImage()
  #3 /var/www/html/lib/plugins/gallery/syntax/main.php(99): dokuwiki\plugin\gallery\classes\BasicFormatter->render()
  #4 /var/www/html/inc/parser/renderer.php(126): syntax_plugin_gallery_main->render()
  #5 /var/www/html/inc/parserutils.php(535): Doku_Renderer->plugin()
  #6 /var/www/html/inc/parserutils.php(299): p_render_metadata()
  #7 /var/www/html/inc/Feed/FeedPageProcessor.php(176): p_get_metadata()
  #8 /var/www/html/inc/Feed/FeedPageProcessor.php(98): dokuwiki\Feed\FeedPageProcessor->getMetaData()
  #9 /var/www/html/inc/Feed/FeedPageProcessor.php(75): dokuwiki\Feed\FeedPageProcessor->getAbstract()
  #10 /var/www/html/inc/Feed/FeedCreator.php(97): dokuwiki\Feed\FeedPageProcessor->getBody()
  #11 /var/www/html/inc/Feed/FeedCreator.php(61): dokuwiki\Feed\FeedCreator->createAndAddItem()
  #12 /var/www/html/feed.php(68): dokuwiki\Feed\FeedCreator->build()
  #13 {main}
2026-06-05 20:48:22	/var/www/html/inc/parser/metadata.php(620)	E_WARNING: Array to string conversion
  #0 /var/www/html/inc/parser/metadata.php(620): dokuwiki\ErrorHandler::errorHandler()
  #1 /var/www/html/lib/plugins/gallery/classes/BasicFormatter.php(68): Doku_Renderer_metadata->internalmedia()
  #2 /var/www/html/lib/plugins/gallery/classes/BasicFormatter.php(41): dokuwiki\plugin\gallery\classes\BasicFormatter->renderImage()
  #3 /var/www/html/lib/plugins/gallery/syntax/main.php(99): dokuwiki\plugin\gallery\classes\BasicFormatter->render()
  #4 /var/www/html/inc/parser/renderer.php(126): syntax_plugin_gallery_main->render()
  #5 /var/www/html/inc/parserutils.php(535): Doku_Renderer->plugin()
  #6 /var/www/html/inc/parserutils.php(299): p_render_metadata()
  #7 /var/www/html/inc/Feed/FeedPageProcessor.php(176): p_get_metadata()
  #8 /var/www/html/inc/Feed/FeedPageProcessor.php(98): dokuwiki\Feed\FeedPageProcessor->getMetaData()
  #9 /var/www/html/inc/Feed/FeedPageProcessor.php(75): dokuwiki\Feed\FeedPageProcessor->getAbstract()
  #10 /var/www/html/inc/Feed/FeedCreator.php(97): dokuwiki\Feed\FeedPageProcessor->getBody()
  #11 /var/www/html/inc/Feed/FeedCreator.php(61): dokuwiki\Feed\FeedCreator->createAndAddItem()
  #12 /var/www/html/feed.php(68): dokuwiki\Feed\FeedCreator->build()
  #13 {main}
2026-06-05 20:48:22	/var/www/html/inc/parser/metadata.php(620)	E_WARNING: Array to string conversion
  #0 /var/www/html/inc/parser/metadata.php(620): dokuwiki\ErrorHandler::errorHandler()
  #1 /var/www/html/lib/plugins/gallery/classes/BasicFormatter.php(68): Doku_Renderer_metadata->internalmedia()
  #2 /var/www/html/lib/plugins/gallery/classes/BasicFormatter.php(41): dokuwiki\plugin\gallery\classes\BasicFormatter->renderImage()
  #3 /var/www/html/lib/plugins/gallery/syntax/main.php(99): dokuwiki\plugin\gallery\classes\BasicFormatter->render()
  #4 /var/www/html/inc/parser/renderer.php(126): syntax_plugin_gallery_main->render()
  #5 /var/www/html/inc/parserutils.php(535): Doku_Renderer->plugin()
  #6 /var/www/html/inc/parserutils.php(299): p_render_metadata()
  #7 /var/www/html/inc/Feed/FeedPageProcessor.php(176): p_get_metadata()
  #8 /var/www/html/inc/Feed/FeedPageProcessor.php(98): dokuwiki\Feed\FeedPageProcessor->getMetaData()
  #9 /var/www/html/inc/Feed/FeedPageProcessor.php(75): dokuwiki\Feed\FeedPageProcessor->getAbstract()
  #10 /var/www/html/inc/Feed/FeedCreator.php(97): dokuwiki\Feed\FeedPageProcessor->getBody()
  #11 /var/www/html/inc/Feed/FeedCreator.php(61): dokuwiki\Feed\FeedCreator->createAndAddItem()
  #12 /var/www/html/feed.php(68): dokuwiki\Feed\FeedCreator->build()
  #13 {main}
2026-06-05 20:52:30	/var/www/html/lib/plugins/toctweak/syntax/sidetoc.php(73)	E_WARNING: Undefined variable $section
  #0 /var/www/html/lib/plugins/toctweak/syntax/sidetoc.php(73): dokuwiki\ErrorHandler::errorHandler()
  #1 /var/www/html/inc/parser/renderer.php(126): syntax_plugin_toctweak_sidetoc->render()
  #2 /var/www/html/inc/parserutils.php(691): Doku_Renderer->plugin()
  #3 /var/www/html/inc/parserutils.php(158): p_render()
  #4 /var/www/html/inc/parserutils.php(97): p_cached_output()
  #5 /var/www/html/inc/template.php(1679): p_wiki_xhtml()
  #6 /var/www/html/lib/tpl/arcadebasic/main.php(147): tpl_include_page()
  #7 /var/www/html/inc/actions.php(30): include('...')
  #8 /var/www/html/doku.php(131): act_dispatch()
  #9 {main}
2026-06-05 22:52:49	/var/www/html/lib/plugins/toctweak/syntax/sidetoc.php(73)	E_WARNING: Undefined variable $section
  #0 /var/www/html/lib/plugins/toctweak/syntax/sidetoc.php(73): dokuwiki\ErrorHandler::errorHandler()
  #1 /var/www/html/inc/parser/renderer.php(126): syntax_plugin_toctweak_sidetoc->render()
  #2 /var/www/html/inc/parserutils.php(691): Doku_Renderer->plugin()
  #3 /var/www/html/inc/parserutils.php(158): p_render()
  #4 /var/www/html/inc/parserutils.php(97): p_cached_output()
  #5 /var/www/html/inc/template.php(1679): p_wiki_xhtml()
  #6 /var/www/html/lib/tpl/arcadebasic/main.php(147): tpl_include_page()
  #7 /var/www/html/inc/actions.php(30): include('...')
  #8 /var/www/html/doku.php(131): act_dispatch()
  #9 {main}
2026-06-05 23:39:23	/var/www/html/lib/plugins/toctweak/syntax/sidetoc.php(73)	E_WARNING: Undefined variable $section
  #0 /var/www/html/lib/plugins/toctweak/syntax/sidetoc.php(73): dokuwiki\ErrorHandler::errorHandler()
  #1 /var/www/html/inc/parser/renderer.php(126): syntax_plugin_toctweak_sidetoc->render()
  #2 /var/www/html/inc/parserutils.php(691): Doku_Renderer->plugin()
  #3 /var/www/html/inc/parserutils.php(158): p_render()
  #4 /var/www/html/inc/parserutils.php(97): p_cached_output()
  #5 /var/www/html/inc/template.php(1679): p_wiki_xhtml()
  #6 /var/www/html/lib/tpl/arcadebasic/main.php(147): tpl_include_page()
  #7 /var/www/html/inc/actions.php(30): include('...')
  #8 /var/www/html/doku.php(131): act_dispatch()
  #9 {main}
2026-06-05 23:39:24	/var/www/html/lib/plugins/toctweak/syntax/sidetoc.php(73)	E_WARNING: Undefined variable $section
  #0 /var/www/html/lib/plugins/toctweak/syntax/sidetoc.php(73): dokuwiki\ErrorHandler::errorHandler()
  #1 /var/www/html/inc/parser/renderer.php(126): syntax_plugin_toctweak_sidetoc->render()
  #2 /var/www/html/inc/parserutils.php(691): Doku_Renderer->plugin()
  #3 /var/www/html/inc/parserutils.php(158): p_render()
  #4 /var/www/html/inc/parserutils.php(97): p_cached_output()
  #5 /var/www/html/inc/template.php(1679): p_wiki_xhtml()
  #6 /var/www/html/lib/tpl/arcadebasic/main.php(147): tpl_include_page()
  #7 /var/www/html/inc/actions.php(30): include('...')
  #8 /var/www/html/doku.php(131): act_dispatch()
  #9 {main}
2026-06-05 23:39:25	/var/www/html/lib/plugins/toctweak/syntax/sidetoc.php(73)	E_WARNING: Undefined variable $section
  #0 /var/www/html/lib/plugins/toctweak/syntax/sidetoc.php(73): dokuwiki\ErrorHandler::errorHandler()
  #1 /var/www/html/inc/parser/renderer.php(126): syntax_plugin_toctweak_sidetoc->render()
  #2 /var/www/html/inc/parserutils.php(691): Doku_Renderer->plugin()
  #3 /var/www/html/inc/parserutils.php(158): p_render()
  #4 /var/www/html/inc/parserutils.php(97): p_cached_output()
  #5 /var/www/html/inc/template.php(1679): p_wiki_xhtml()
  #6 /var/www/html/lib/tpl/arcadebasic/main.php(147): tpl_include_page()
  #7 /var/www/html/inc/actions.php(30): include('...')
  #8 /var/www/html/doku.php(131): act_dispatch()
  #9 {main}
2026-06-05 23:39:29	/var/www/html/lib/plugins/toctweak/syntax/sidetoc.php(73)	E_WARNING: Undefined variable $section
  #0 /var/www/html/lib/plugins/toctweak/syntax/sidetoc.php(73): dokuwiki\ErrorHandler::errorHandler()
  #1 /var/www/html/inc/parser/renderer.php(126): syntax_plugin_toctweak_sidetoc->render()
  #2 /var/www/html/inc/parserutils.php(691): Doku_Renderer->plugin()
  #3 /var/www/html/inc/parserutils.php(158): p_render()
  #4 /var/www/html/inc/parserutils.php(97): p_cached_output()
  #5 /var/www/html/inc/template.php(1679): p_wiki_xhtml()
  #6 /var/www/html/lib/tpl/arcadebasic/main.php(147): tpl_include_page()
  #7 /var/www/html/inc/actions.php(30): include('...')
  #8 /var/www/html/doku.php(131): act_dispatch()
  #9 {main}
2026-06-05 23:39:29	/var/www/html/lib/plugins/toctweak/syntax/sidetoc.php(73)	E_WARNING: Undefined variable $section
  #0 /var/www/html/lib/plugins/toctweak/syntax/sidetoc.php(73): dokuwiki\ErrorHandler::errorHandler()
  #1 /var/www/html/inc/parser/renderer.php(126): syntax_plugin_toctweak_sidetoc->render()
  #2 /var/www/html/inc/parserutils.php(691): Doku_Renderer->plugin()
  #3 /var/www/html/inc/parserutils.php(158): p_render()
  #4 /var/www/html/inc/parserutils.php(97): p_cached_output()
  #5 /var/www/html/inc/template.php(1679): p_wiki_xhtml()
  #6 /var/www/html/lib/tpl/arcadebasic/main.php(147): tpl_include_page()
  #7 /var/www/html/inc/actions.php(30): include('...')
  #8 /var/www/html/doku.php(131): act_dispatch()
  #9 {main}
